<COLOURSCHEME 0>
  <COLOUR 0.500000 0.500000 1.000000>
  <COLOUR 0.000000 0.000000 0.000000>
  <COLOUR 1.000000 1.000000 1.000000>
  <COLOUR 0.000000 0.000000 0.500000>
<START LOCATION 0 0 0>
<ZONE LOCATION 0 0 0 DIMENSIONS 8 8 8 COLOURSCHEME 0>
<BLOCK LOCATION 0 0 0 DIMENSION 7 7 0 NORTH 0 SOUTH 0 EAST 0 WEST 0 SPLIT 1 HOLLOW 0>
<BLOCK LOCATION 6 0 1 DIMENSION 6 0 1 NORTH 0 SOUTH 0 EAST 1 WEST 0 SPLIT 1 HOLLOW 0 CONDITION NOT 0 SYMBOL_A 10 SYMBOL_B 11>
<BLOCK LOCATION 0 0 1 DIMENSION 0 0 1 NORTH 0 SOUTH 0 EAST 1 WEST 0 SPLIT 1 HOLLOW 0>
<ZONE LOCATION 0 8 0 DIMENSIONS 8 8 8 COLOURSCHEME 0>
<BLOCK LOCATION 0 8 0 DIMENSION 7 15 0 NORTH 0 SOUTH 0 EAST 0 WEST 0 SPLIT 1 HOLLOW 0>
<BLOCK LOCATION 6 11 0 DIMENSION 6 11 0 TYPE 0>
<BLOCK LOCATION 5 11 0 DIMENSION 5 11 0 TYPE 1>
<BLOCK LOCATION 4 11 0 DIMENSION 4 11 0 TYPE 2>
<BLOCK LOCATION 3 11 0 DIMENSION 3 11 0 TYPE 3>
<BLOCK LOCATION 3 14 0 DIMENSION 3 14 0 TYPE 4>
<BLOCK LOCATION 4 14 0 DIMENSION 4 14 0 TYPE 5>
<BLOCK LOCATION 5 14 0 DIMENSION 5 14 0 TYPE 6>
<BLOCK LOCATION 6 14 0 DIMENSION 6 14 0 TYPE 7>
<BLOCK LOCATION 0 14 0 DIMENSION 0 14 0 TYPE 8>
<BLOCK LOCATION 0 13 0 DIMENSION 0 13 0 TYPE 9>
<BLOCK LOCATION 0 12 0 DIMENSION 0 12 0 TYPE 10>
<BLOCK LOCATION 0 11 0 DIMENSION 0 11 0 TYPE 11>
