<COLOURSCHEME 0>
  <COLOUR 0.313725 0.823530 0.529412>
  <COLOUR 0.000000 0.000000 0.509803>
  <COLOUR 1.000000 1.000000 1.000000>
  <COLOUR 0.000000 0.000000 0.000000>
<COLOURSCHEME 1>
  <COLOUR 1.000000 0.656863 0.000000>
  <COLOUR 0.666667 0.000000 0.117647>
  <COLOUR 1.000000 1.000000 1.000000>
  <COLOUR 0.156863 0.000000 0.000000>
<COLOURSCHEME 2>
  <COLOUR 0.617647 0.578431 0.019608>
  <COLOUR 0.274510 0.000000 0.392157>
  <COLOUR 1.000000 1.000000 1.000000>
  <COLOUR 0.000000 0.000000 0.000000>
<COLOURSCHEME 3>
  <COLOUR 1.000000 0.264706 0.529412>
  <COLOUR 0.274510 0.000000 0.000000>
  <COLOUR 1.000000 1.000000 0.372549>
  <COLOUR 0.431373 0.000000 0.000000>
<COLOURSCHEME 4>
  <COLOUR 0.421569 0.813725 0.000000>
  <COLOUR 0.392157 0.000000 0.117647>
  <COLOUR 0.568627 0.333333 0.000000>
  <COLOUR 0.196078 0.000000 0.068627>
<COLOURSCHEME 5>
  <COLOUR 1.000000 1.000000 0.764706>
  <COLOUR 0.078431 0.000000 0.235294>
  <COLOUR 0.411765 0.411765 0.843137>
  <COLOUR 0.274510 0.156863 0.813725>
<COLOURSCHEME 6>
  <COLOUR 0.000000 0.000000 0.137255>
  <COLOUR 0.000000 0.000000 0.980392>
  <COLOUR 0.607843 1.000000 1.000000>
  <COLOUR 0.000000 0.000000 0.000000>
<COLOURSCHEME 7>
  <COLOUR 0.186275 0.000000 0.000000>
  <COLOUR 0.941176 0.117647 0.000000>
  <COLOUR 1.000000 1.000000 0.450980>
  <COLOUR 0.000000 0.000000 0.000000>
<COLOURSCHEME 8>
  <COLOUR 0.000000 0.078431 0.000000>
  <COLOUR 0.000000 0.470588 0.000000>
  <COLOUR 0.568627 1.000000 0.607843>
  <COLOUR 0.000000 1.000000 0.000000>
<COLOURSCHEME 9>
  <COLOUR 0.656863 0.500000 0.490196>
  <COLOUR 0.196078 0.000000 0.000000>
  <COLOUR 0.274510 0.274510 0.196078>
  <COLOUR 0.549020 0.509804 0.460784>
<COLOURSCHEME 10>
  <COLOUR 0.117647 0.147059 0.254902>
  <COLOUR 0.000000 0.000000 0.000000>
  <COLOUR 1.000000 0.000000 0.000000>
  <COLOUR 0.411765 0.000000 0.000000>
<START LOCATION -5 20 5>
<ZONE LOCATION 0 0 0 DIMENSIONS 8 8 8 COLOURSCHEME 0>
<BLOCK LOCATION 6 5 0 DIMENSION 7 5 1 NORTH 2 SOUTH 0 EAST 0 WEST 2 SPLIT 0 HOLLOW 0>
<BLOCK LOCATION 6 4 0 DIMENSION 7 4 0 NORTH 1 SOUTH 0 EAST 0 WEST 1 SPLIT 0 HOLLOW 0>
<BLOCK LOCATION 6 3 0 DIMENSION 7 3 0 NORTH 0 SOUTH 1 EAST 1 WEST 0 SPLIT 0 HOLLOW 0>
<BLOCK LOCATION 6 2 0 DIMENSION 7 2 1 NORTH 0 SOUTH 2 EAST 2 WEST 0 SPLIT 0 HOLLOW 0>
<BLOCK LOCATION 5 0 0 DIMENSION 5 7 1 NORTH 2 SOUTH 0 EAST 2 WEST 0 SPLIT 0 HOLLOW 0>
<BLOCK LOCATION 4 0 0 DIMENSION 4 7 0 NORTH 1 SOUTH 0 EAST 1 WEST 0 SPLIT 0 HOLLOW 0>
<BLOCK LOCATION 3 0 0 DIMENSION 3 7 0 NORTH 0 SOUTH 1 EAST 0 WEST 1 SPLIT 0 HOLLOW 0>
<BLOCK LOCATION 2 0 0 DIMENSION 2 7 1 NORTH 0 SOUTH 2 EAST 0 WEST 2 SPLIT 0 HOLLOW 0>
<BLOCK LOCATION 0 1 0 DIMENSION 1 6 1 NORTH 0 SOUTH 0 EAST 0 WEST 0 SPLIT 0 HOLLOW 0>
<BLOCK LOCATION 2 1 2 DIMENSION 2 6 3 TYPE 19>
<BLOCK LOCATION 0 2 1 DIMENSION 5 5 3 TYPE 19>
<BLOCK LOCATION 6 0 7 DIMENSION 6 7 7 NORTH 0 SOUTH 0 EAST 0 WEST 0 SPLIT 0 HOLLOW 0>
<BLOCK LOCATION 6 1 0 DIMENSION 6 1 7 TYPE 11>
<BLOCK LOCATION 6 6 0 DIMENSION 6 6 7 TYPE 11>
<BLOCK LOCATION 5 5 0 DIMENSION 5 5 0 NORTH 1 SOUTH 0 EAST 0 WEST 0 SPLIT 1 HOLLOW 0>
<BLOCK LOCATION 5 2 0 DIMENSION 5 2 0 NORTH 0 SOUTH 0 EAST 1 WEST 0 SPLIT 0 HOLLOW 0>
<BLOCK LOCATION 0 3 0 DIMENSION 0 4 0 TYPE 13>
<BLOCK LOCATION 5 3 0 DIMENSION 5 4 0 TYPE 12>
<BLOCK LOCATION 3 5 0 DIMENSION 4 5 0 TYPE 14>
<BLOCK LOCATION 3 2 0 DIMENSION 4 2 0 TYPE 15>
<JEWEL LOCATION 6 3 7>
<ZONE LOCATION 8 0 0 DIMENSIONS 8 8 8 COLOURSCHEME 1>
<BLOCK LOCATION 8 5 0 DIMENSION 15 5 1 NORTH 2 SOUTH 0 EAST 0 WEST 2 SPLIT 0 HOLLOW 0>
<BLOCK LOCATION 8 4 0 DIMENSION 15 4 0 NORTH 1 SOUTH 0 EAST 0 WEST 1 SPLIT 0 HOLLOW 0>
<BLOCK LOCATION 8 3 0 DIMENSION 15 3 0 NORTH 0 SOUTH 1 EAST 1 WEST 0 SPLIT 0 HOLLOW 0>
<BLOCK LOCATION 8 2 0 DIMENSION 15 2 1 NORTH 0 SOUTH 2 EAST 2 WEST 0 SPLIT 0 HOLLOW 0>
<ZONE LOCATION -8 0 0 DIMENSIONS 8 8 8 COLOURSCHEME 0>
<BLOCK LOCATION -8 1 0 DIMENSION -1 6 1 NORTH 0 SOUTH 0 EAST 0 WEST 0 SPLIT 0 HOLLOW 0>
<BLOCK LOCATION -8 2 1 DIMENSION -1 5 1 TYPE 19>
<BLOCK LOCATION -3 4 0 DIMENSION -3 5 1 NORTH 0 SOUTH 0 EAST 0 WEST 0 SPLIT 0 HOLLOW 0>
<BLOCK LOCATION -6 2 0 DIMENSION -6 3 1 NORTH 0 SOUTH 0 EAST 0 WEST 0 SPLIT 0 HOLLOW 0>
<BLOCK LOCATION -8 3 0 DIMENSION -8 4 0 TYPE 13>
<BLOCK LOCATION -5 3 0 DIMENSION -4 4 0 TYPE 16>
<JEWEL LOCATION -6 3 1>
<JEWEL LOCATION -3 4 1>
<ZONE LOCATION 0 8 0 DIMENSIONS 8 8 8 COLOURSCHEME 1>
<BLOCK LOCATION 5 8 0 DIMENSION 5 15 1 NORTH 2 SOUTH 0 EAST 2 WEST 0 SPLIT 0 HOLLOW 0>
<BLOCK LOCATION 4 8 0 DIMENSION 4 15 0 NORTH 1 SOUTH 0 EAST 1 WEST 0 SPLIT 0 HOLLOW 0>
<BLOCK LOCATION 3 8 0 DIMENSION 3 15 0 NORTH 0 SOUTH 1 EAST 0 WEST 1 SPLIT 0 HOLLOW 0>
<BLOCK LOCATION 2 8 0 DIMENSION 2 15 1 NORTH 0 SOUTH 2 EAST 0 WEST 2 SPLIT 0 HOLLOW 0>
<BLOCK LOCATION 6 8 7 DIMENSION 6 12 7 NORTH 0 SOUTH 0 EAST 0 WEST 0 SPLIT 0 HOLLOW 0>
<BLOCK LOCATION 7 12 7 DIMENSION 7 12 7 NORTH 0 SOUTH 0 EAST 0 WEST 0 SPLIT 0 HOLLOW 0>
<BLOCK LOCATION 6 12 0 DIMENSION 6 12 7 NORTH 0 SOUTH 0 EAST 0 WEST 0 SPLIT 0 HOLLOW 0>
<ZONE LOCATION 0 -8 0 DIMENSIONS 8 8 8 COLOURSCHEME 2>
<BLOCK LOCATION 5 -8 0 DIMENSION 5 -1 1 NORTH 2 SOUTH 0 EAST 2 WEST 0 SPLIT 0 HOLLOW 0>
<BLOCK LOCATION 4 -8 0 DIMENSION 4 -1 0 NORTH 1 SOUTH 0 EAST 1 WEST 0 SPLIT 0 HOLLOW 0>
<BLOCK LOCATION 3 -8 0 DIMENSION 3 -1 0 NORTH 0 SOUTH 1 EAST 0 WEST 1 SPLIT 0 HOLLOW 0>
<BLOCK LOCATION 2 -8 0 DIMENSION 2 -1 1 NORTH 0 SOUTH 2 EAST 0 WEST 2 SPLIT 0 HOLLOW 0>
<BLOCK LOCATION 6 -5 0 DIMENSION 6 -5 7 NORTH 0 SOUTH 0 EAST 0 WEST 0 SPLIT 0 HOLLOW 0>
<BLOCK LOCATION 6 -4 7 DIMENSION 6 -1 7 NORTH 0 SOUTH 0 EAST 0 WEST 0 SPLIT 0 HOLLOW 0>
<BLOCK LOCATION 0 -5 7 DIMENSION 5 -5 7 NORTH 0 SOUTH 0 EAST 0 WEST 0 SPLIT 0 HOLLOW 0>
<BLOCK LOCATION 1 -5 0 DIMENSION 1 -5 7 NORTH 0 SOUTH 0 EAST 0 WEST 0 SPLIT 0 HOLLOW 0>
<ZONE LOCATION 16 0 0 DIMENSIONS 8 8 8 COLOURSCHEME 6>
<BLOCK LOCATION 16 2 0 DIMENSION 16 2 1 NORTH 0 SOUTH 2 EAST 2 WEST 0 SPLIT 0 HOLLOW 0>
<BLOCK LOCATION 16 3 0 DIMENSION 17 3 0 NORTH 0 SOUTH 1 EAST 1 WEST 0 SPLIT 0 HOLLOW 0>
<BLOCK LOCATION 16 4 0 DIMENSION 17 4 0 NORTH 1 SOUTH 0 EAST 0 WEST 1 SPLIT 0 HOLLOW 0>
<BLOCK LOCATION 16 5 0 DIMENSION 16 5 1 NORTH 2 SOUTH 0 EAST 0 WEST 2 SPLIT 0 HOLLOW 0>
<BLOCK LOCATION 17 5 0 DIMENSION 17 5 1 NORTH 1 SOUTH 0 EAST 0 WEST 2 SPLIT 0 HOLLOW 0>
<BLOCK LOCATION 18 5 0 DIMENSION 18 5 0 NORTH 1 SOUTH 1 EAST 0 WEST 2 SPLIT 0 HOLLOW 0>
<BLOCK LOCATION 17 2 0 DIMENSION 17 2 1 NORTH 0 SOUTH 2 EAST 1 WEST 0 SPLIT 0 HOLLOW 0>
<BLOCK LOCATION 18 2 0 DIMENSION 18 2 0 NORTH 0 SOUTH 2 EAST 1 WEST 1 SPLIT 0 HOLLOW 0>
<BLOCK LOCATION 18 4 0 DIMENSION 18 4 0 NORTH 0 SOUTH 0 EAST 0 WEST 1 SPLIT 0 HOLLOW 0>
<BLOCK LOCATION 18 3 0 DIMENSION 18 3 0 NORTH 0 SOUTH 1 EAST 0 WEST 0 SPLIT 1 HOLLOW 0>
<BLOCK LOCATION 19 2 0 DIMENSION 20 5 0 NORTH 0 SOUTH 0 EAST 0 WEST 0 SPLIT 1 HOLLOW 0>
<BLOCK LOCATION 19 5 0 DIMENSION 19 5 0 NORTH 0 SOUTH 0 EAST 0 WEST 1 SPLIT 0 HOLLOW 0>
<BLOCK LOCATION 19 2 0 DIMENSION 19 2 0 NORTH 0 SOUTH 1 EAST 0 WEST 0 SPLIT 1 HOLLOW 0>
<BLOCK LOCATION 23 1 0 DIMENSION 23 6 1 TYPE 12>
<BLOCK LOCATION 23 2 1 DIMENSION 23 5 1 TYPE 19>
<BLOCK LOCATION 23 2 0 DIMENSION 23 2 0 TYPE 8>
<BLOCK LOCATION 20 2 0 DIMENSION 20 2 0 TYPE 8>
<BLOCK LOCATION 21 3 0 DIMENSION 22 4 0 NORTH 0 SOUTH 0 EAST 0 WEST 0 SPLIT 0 HOLLOW 0>
<ZONE LOCATION 0 -16 0 DIMENSIONS 8 8 8 COLOURSCHEME 4>
<BLOCK LOCATION 2 -9 0 DIMENSION 2 -9 1 NORTH 0 SOUTH 2 EAST 0 WEST 2 SPLIT 0 HOLLOW 0>
<BLOCK LOCATION 3 -9 0 DIMENSION 3 -9 0 NORTH 0 SOUTH 1 EAST 0 WEST 1 SPLIT 0 HOLLOW 0>
<BLOCK LOCATION 4 -9 0 DIMENSION 4 -9 0 NORTH 1 SOUTH 0 EAST 1 WEST 0 SPLIT 0 HOLLOW 0>
<BLOCK LOCATION 5 -9 0 DIMENSION 5 -9 1 NORTH 2 SOUTH 0 EAST 2 WEST 0 SPLIT 0 HOLLOW 0>
<BLOCK LOCATION 6 -9 0 DIMENSION 6 -9 3 NORTH 0 SOUTH 0 EAST 0 WEST 0 SPLIT 0 HOLLOW 0>
<BLOCK LOCATION 6 -10 0 DIMENSION 6 -10 1 NORTH 2 SOUTH 0 EAST 0 WEST 2 SPLIT 0 HOLLOW 0>
<BLOCK LOCATION 6 -11 0 DIMENSION 6 -11 0 NORTH 1 SOUTH 0 EAST 0 WEST 1 SPLIT 0 HOLLOW 0>
<BLOCK LOCATION 6 -12 0 DIMENSION 6 -12 0 NORTH 0 SOUTH 0 EAST 0 WEST 0 SPLIT 0 HOLLOW 0>
<BLOCK LOCATION 6 -13 0 DIMENSION 6 -13 0 NORTH 0 SOUTH 1 EAST 1 WEST 0 SPLIT 0 HOLLOW 0>
<BLOCK LOCATION 6 -14 0 DIMENSION 6 -14 1 NORTH 0 SOUTH 2 EAST 2 WEST 0 SPLIT 0 HOLLOW 0>
<BLOCK LOCATION 6 -15 0 DIMENSION 6 -15 3 NORTH 0 SOUTH 0 EAST 0 WEST 0 SPLIT 0 HOLLOW 0>
<BLOCK LOCATION 5 -15 0 DIMENSION 5 -15 1 NORTH 2 SOUTH 0 EAST 2 WEST 0 SPLIT 0 HOLLOW 0>
<BLOCK LOCATION 4 -15 0 DIMENSION 4 -15 0 NORTH 1 SOUTH 0 EAST 1 WEST 0 SPLIT 0 HOLLOW 0>
<BLOCK LOCATION 2 -15 0 DIMENSION 3 -15 0 NORTH 0 SOUTH 0 EAST 0 WEST 0 SPLIT 0 HOLLOW 0>
<BLOCK LOCATION 2 -16 0 DIMENSION 2 -16 0 TYPE 15>
<JEWEL LOCATION 6 -15 3>
<ZONE LOCATION 0 -24 0 DIMENSIONS 8 8 8 COLOURSCHEME 4>
<BLOCK LOCATION 2 -17 0 DIMENSION 2 -17 0 NORTH 0 SOUTH 0 EAST 0 WEST 0 SPLIT 0 HOLLOW 0>
<BLOCK LOCATION 2 -18 0 DIMENSION 2 -18 0 NORTH 0 SOUTH 1 EAST 1 WEST 0 SPLIT 0 HOLLOW 0>
<BLOCK LOCATION 2 -19 0 DIMENSION 2 -19 1 NORTH 0 SOUTH 2 EAST 2 WEST 0 SPLIT 0 HOLLOW 0>
<BLOCK LOCATION 2 -20 0 DIMENSION 2 -20 3 NORTH 0 SOUTH 1 EAST 1 WEST 0 SPLIT 0 HOLLOW 0>
<BLOCK LOCATION 2 -22 4 DIMENSION 2 -21 4 NORTH 0 SOUTH 0 EAST 0 WEST 0 SPLIT 0 HOLLOW 0>
<BLOCK LOCATION 2 -23 0 DIMENSION 5 -23 4 NORTH 0 SOUTH 0 EAST 0 WEST 0 SPLIT 0 HOLLOW 0>
<BLOCK LOCATION 3 -23 0 DIMENSION 4 -23 3 TYPE 19>
<BLOCK LOCATION 5 -22 0 DIMENSION 5 -22 3 NORTH 0 SOUTH 1 EAST 1 WEST 0 SPLIT 0 HOLLOW 0>
<BLOCK LOCATION 5 -21 0 DIMENSION 5 -21 1 NORTH 0 SOUTH 2 EAST 2 WEST 0 SPLIT 0 HOLLOW 0>
<BLOCK LOCATION 5 -20 0 DIMENSION 5 -20 0 NORTH 0 SOUTH 1 EAST 1 WEST 0 SPLIT 0 HOLLOW 0>
<BLOCK LOCATION 5 -19 0 DIMENSION 5 -18 0 NORTH 0 SOUTH 0 EAST 0 WEST 0 SPLIT 0 HOLLOW 0>
<BLOCK LOCATION 6 -18 0 DIMENSION 6 -18 0 NORTH 0 SOUTH 0 EAST 0 WEST 0 SPLIT 0 HOLLOW 0>
<BLOCK LOCATION 7 -18 0 DIMENSION 7 -18 0 TYPE 12>
<ZONE LOCATION 8 -24 0 DIMENSIONS 8 8 8 COLOURSCHEME 4>
<BLOCK LOCATION 8 -18 0 DIMENSION 9 -18 0 NORTH 0 SOUTH 0 EAST 0 WEST 0 SPLIT 0 HOLLOW 0>
<BLOCK LOCATION 10 -18 0 DIMENSION 10 -18 0 NORTH 1 SOUTH 0 EAST 1 WEST 0 SPLIT 0 HOLLOW 0>
<BLOCK LOCATION 11 -18 0 DIMENSION 12 -18 1 NORTH 2 SOUTH 0 EAST 2 WEST 0 SPLIT 0 HOLLOW 0>
<BLOCK LOCATION 13 -18 0 DIMENSION 13 -18 5 NORTH 1 SOUTH 0 EAST 1 WEST 0 SPLIT 0 HOLLOW 0>
<BLOCK LOCATION 14 -18 0 DIMENSION 14 -18 6 NORTH 0 SOUTH 0 EAST 0 WEST 0 SPLIT 0 HOLLOW 0>
<BLOCK LOCATION 14 -19 0 DIMENSION 14 -19 5 NORTH 1 SOUTH 0 EAST 0 WEST 1 SPLIT 0 HOLLOW 0>
<BLOCK LOCATION 14 -21 0 DIMENSION 14 -20 1 NORTH 2 SOUTH 0 EAST 0 WEST 2 SPLIT 0 HOLLOW 0>
<BLOCK LOCATION 14 -22 0 DIMENSION 14 -22 0 NORTH 1 SOUTH 0 EAST 0 WEST 1 SPLIT 0 HOLLOW 0>
<BLOCK LOCATION 13 -23 0 DIMENSION 14 -23 0 NORTH 0 SOUTH 0 EAST 0 WEST 0 SPLIT 0 HOLLOW 0>
<BLOCK LOCATION 13 -22 0 DIMENSION 13 -19 0 NORTH 0 SOUTH 0 EAST 0 WEST 0 SPLIT 0 HOLLOW 0>
<BLOCK LOCATION 15 -19 0 DIMENSION 15 -19 0 NORTH 0 SOUTH 0 EAST 0 WEST 0 SPLIT 0 HOLLOW 0>
<BLOCK LOCATION 14 -19 1 DIMENSION 14 -19 3 TYPE 19>
<BLOCK LOCATION 8 -24 0 DIMENSION 10 -24 0 NORTH 0 SOUTH 0 EAST 0 WEST 0 SPLIT 0 HOLLOW 0>
<BLOCK LOCATION 8 -22 0 DIMENSION 10 -22 2 NORTH 0 SOUTH 0 EAST 0 WEST 0 SPLIT 0 HOLLOW 0>
<BLOCK LOCATION 8 -23 0 DIMENSION 10 -23 0 NORTH 2 SOUTH 0 EAST 0 WEST 2 SPLIT 0 HOLLOW 0>
<BLOCK LOCATION 9 -24 0 DIMENSION 9 -22 1 TYPE 19>
<BLOCK LOCATION 13 -19 0 DIMENSION 13 -19 0 TYPE 12>
<JEWEL LOCATION 14 -18 6>
<JEWEL LOCATION 9 -22 2>
<ZONE LOCATION 16 -24 0 DIMENSIONS 8 8 8 COLOURSCHEME 4>
<BLOCK LOCATION 16 -19 0 DIMENSION 19 -19 0 NORTH 0 SOUTH 0 EAST 0 WEST 0 SPLIT 0 HOLLOW 0>
<BLOCK LOCATION 20 -21 0 DIMENSION 20 -19 0 NORTH 1 SOUTH 0 EAST 1 WEST 0 SPLIT 0 HOLLOW 0>
<BLOCK LOCATION 21 -21 0 DIMENSION 22 -19 1 NORTH 2 SOUTH 0 EAST 2 WEST 0 SPLIT 0 HOLLOW 0>
<BLOCK LOCATION 19 -23 0 DIMENSION 19 -21 0 NORTH 0 SOUTH 1 EAST 0 WEST 1 SPLIT 0 HOLLOW 0>
<BLOCK LOCATION 17 -23 0 DIMENSION 18 -21 1 NORTH 0 SOUTH 2 EAST 0 WEST 2 SPLIT 0 HOLLOW 0>
<BLOCK LOCATION 20 -23 0 DIMENSION 22 -23 0 NORTH 0 SOUTH 0 EAST 0 WEST 0 SPLIT 0 HOLLOW 0>
<BLOCK LOCATION 20 -20 0 DIMENSION 21 -20 3 TYPE 19>
<BLOCK LOCATION 18 -22 0 DIMENSION 19 -22 3 TYPE 19>
<BLOCK LOCATION 22 -24 0 DIMENSION 22 -24 0 TYPE 15>
<ZONE LOCATION 16 -32 0 DIMENSIONS 8 8 8 COLOURSCHEME 4>
<BLOCK LOCATION 22 -27 0 DIMENSION 22 -25 0 NORTH 0 SOUTH 0 EAST 0 WEST 0 SPLIT 1 HOLLOW 0>
<BLOCK LOCATION 22 -28 0 DIMENSION 22 -28 0 NORTH 0 SOUTH 0 EAST 1 WEST 0 SPLIT 0 HOLLOW 0>
<BLOCK LOCATION 22 -31 0 DIMENSION 22 -29 0 NORTH 1 SOUTH 1 EAST 2 WEST 0 SPLIT 1 HOLLOW 0>
<BLOCK LOCATION 20 -31 0 DIMENSION 21 -31 0 NORTH 1 SOUTH 1 EAST 2 WEST 0 SPLIT 1 HOLLOW 0>
<BLOCK LOCATION 19 -31 0 DIMENSION 19 -31 0 NORTH 0 SOUTH 0 EAST 1 WEST 0 SPLIT 0 HOLLOW 0>
<BLOCK LOCATION 16 -31 0 DIMENSION 18 -31 0 NORTH 0 SOUTH 0 EAST 0 WEST 0 SPLIT 0 HOLLOW 0>
<JEWEL LOCATION 22 -31 3>
<ZONE LOCATION 8 -32 0 DIMENSIONS 8 8 8 COLOURSCHEME 4>
<BLOCK LOCATION 10 -29 0 DIMENSION 10 -29 0 NORTH 1 SOUTH 0 EAST 0 WEST 1 SPLIT 0 HOLLOW 0>
<BLOCK LOCATION 10 -25 0 DIMENSION 10 -25 0 NORTH 0 SOUTH 0 EAST 0 WEST 0 SPLIT 0 HOLLOW 0>
<BLOCK LOCATION 10 -26 0 DIMENSION 10 -26 0 NORTH 0 SOUTH 1 EAST 1 WEST 0 SPLIT 0 HOLLOW 0>
<BLOCK LOCATION 10 -31 0 DIMENSION 10 -30 0 NORTH 0 SOUTH 0 EAST 0 WEST 0 SPLIT 0 HOLLOW 0>
<BLOCK LOCATION 11 -31 0 DIMENSION 11 -31 0 NORTH 0 SOUTH 0 EAST 1 WEST 0 SPLIT 0 HOLLOW 0>
<BLOCK LOCATION 12 -31 0 DIMENSION 12 -31 0 NORTH 0 SOUTH 1 EAST 1 WEST 0 SPLIT 0 HOLLOW 0>
<BLOCK LOCATION 13 -31 0 DIMENSION 13 -31 0 NORTH 0 SOUTH 1 EAST 0 WEST 0 SPLIT 1 HOLLOW 0>
<BLOCK LOCATION 14 -31 0 DIMENSION 15 -31 0 NORTH 0 SOUTH 0 EAST 0 WEST 0 SPLIT 1 HOLLOW 0>
<BLOCK LOCATION 8 -25 0 DIMENSION 8 -25 0 NORTH 0 SOUTH 0 EAST 0 WEST 0 SPLIT 1 HOLLOW 0>
<BLOCK LOCATION 8 -26 0 DIMENSION 8 -26 0 NORTH 0 SOUTH 1 EAST 1 WEST 0 SPLIT 1 HOLLOW 0>
<BLOCK LOCATION 8 -29 0 DIMENSION 8 -29 0 NORTH 1 SOUTH 0 EAST 0 WEST 1 SPLIT 1 HOLLOW 0>
<BLOCK LOCATION 8 -30 0 DIMENSION 8 -30 0 NORTH 0 SOUTH 0 EAST 0 WEST 0 SPLIT 1 HOLLOW 0>
<BLOCK LOCATION 8 -31 0 DIMENSION 8 -31 0 TYPE 13>
<ZONE LOCATION 0 -32 0 DIMENSIONS 8 8 8 COLOURSCHEME 4>
<BLOCK LOCATION 5 -31 0 DIMENSION 7 -31 0 NORTH 0 SOUTH 0 EAST 0 WEST 0 SPLIT 1 HOLLOW 0>
<BLOCK LOCATION 5 -30 0 DIMENSION 5 -30 0 NORTH 0 SOUTH 0 EAST 0 WEST 0 SPLIT 1 HOLLOW 0>
<BLOCK LOCATION 5 -29 0 DIMENSION 5 -29 0 NORTH 1 SOUTH 0 EAST 0 WEST 1 SPLIT 1 HOLLOW 0>
<BLOCK LOCATION 5 -26 0 DIMENSION 5 -26 0 NORTH 0 SOUTH 1 EAST 1 WEST 0 SPLIT 1 HOLLOW 0>
<BLOCK LOCATION 2 -25 0 DIMENSION 5 -25 0 NORTH 0 SOUTH 0 EAST 0 WEST 0 SPLIT 1 HOLLOW 0>
<BLOCK LOCATION 2 -26 0 DIMENSION 2 -26 0 NORTH 0 SOUTH 0 EAST 0 WEST 0 SPLIT 1 HOLLOW 0>
<BLOCK LOCATION 2 -27 0 DIMENSION 2 -27 0 NORTH 0 SOUTH 1 EAST 1 WEST 0 SPLIT 1 HOLLOW 0>
<BLOCK LOCATION 2 -30 0 DIMENSION 2 -30 0 NORTH 1 SOUTH 0 EAST 0 WEST 1 SPLIT 1 HOLLOW 0>
<BLOCK LOCATION 2 -31 0 DIMENSION 2 -31 0 NORTH 0 SOUTH 0 EAST 0 WEST 0 SPLIT 1 HOLLOW 0>
<BLOCK LOCATION 3 -31 0 DIMENSION 3 -31 0 NORTH 1 SOUTH 0 EAST 1 WEST 0 SPLIT 1 HOLLOW 0>
<BLOCK LOCATION 2 -32 0 DIMENSION 2 -32 0 NORTH 0 SOUTH 0 EAST 0 WEST 0 SPLIT 1 HOLLOW 0>
<JEWEL LOCATION 2 -25 0>
<ZONE LOCATION 24 0 0 DIMENSIONS 8 8 8 COLOURSCHEME 6>
<BLOCK LOCATION 24 2 0 DIMENSION 31 5 0 NORTH 0 SOUTH 0 EAST 0 WEST 0 SPLIT 0 HOLLOW 0>
<BLOCK LOCATION 26 2 0 DIMENSION 31 2 0 TYPE 3>
<BLOCK LOCATION 26 5 0 DIMENSION 31 5 0 TYPE 7>
<BLOCK LOCATION 27 2 0 DIMENSION 30 5 0 TYPE 19>
<BLOCK LOCATION 27 3 0 DIMENSION 30 4 0 NORTH 0 SOUTH 0 EAST 0 WEST 0 SPLIT 0 HOLLOW 0>
<ZONE LOCATION 32 0 0 DIMENSIONS 8 8 8 COLOURSCHEME 6>
<BLOCK LOCATION 32 2 0 DIMENSION 39 5 0 NORTH 0 SOUTH 0 EAST 0 WEST 0 SPLIT 0 HOLLOW 0>
<BLOCK LOCATION 36 2 0 DIMENSION 37 5 0 TYPE 19>
<BLOCK LOCATION 35 4 0 DIMENSION 35 5 0 TYPE 4>
<BLOCK LOCATION 35 2 0 DIMENSION 35 3 0 TYPE 8>
<BLOCK LOCATION 38 4 0 DIMENSION 38 5 0 TYPE 8>
<BLOCK LOCATION 38 2 0 DIMENSION 38 3 0 TYPE 4>
<BLOCK LOCATION 36 4 0 DIMENSION 37 5 0 NORTH 0 SOUTH 0 EAST 0 WEST 0 SPLIT 0 HOLLOW 0>
<BLOCK LOCATION 36 2 0 DIMENSION 37 3 0 NORTH 0 SOUTH 0 EAST 0 WEST 0 SPLIT 0 HOLLOW 0>
<ZONE LOCATION 40 0 0 DIMENSIONS 8 8 8 COLOURSCHEME 6>
<BLOCK LOCATION 40 2 0 DIMENSION 47 5 0 NORTH 0 SOUTH 0 EAST 0 WEST 0 SPLIT 0 HOLLOW 0>
<BLOCK LOCATION 43 0 0 DIMENSION 44 1 0 NORTH 0 SOUTH 0 EAST 0 WEST 0 SPLIT 0 HOLLOW 0>
<BLOCK LOCATION 43 6 0 DIMENSION 44 7 0 NORTH 0 SOUTH 0 EAST 0 WEST 0 SPLIT 0 HOLLOW 0>
<BLOCK LOCATION 43 0 0 DIMENSION 44 0 0 TYPE 15>
<BLOCK LOCATION 43 7 0 DIMENSION 44 7 0 TYPE 14>
<BLOCK LOCATION 47 3 0 DIMENSION 47 4 0 TYPE 12>
<BLOCK LOCATION 43 1 0 DIMENSION 44 1 0 TYPE 11>
<BLOCK LOCATION 43 6 0 DIMENSION 44 6 0 TYPE 11>
<BLOCK LOCATION 40 6 0 DIMENSION 40 7 0 NORTH 1 SOUTH 0 EAST 0 WEST 1 SPLIT 0 HOLLOW 1>
<ZONE LOCATION 40 8 0 DIMENSIONS 8 8 8 COLOURSCHEME 6>
<BLOCK LOCATION 43 8 0 DIMENSION 43 8 0 NORTH 0 SOUTH 0 EAST 0 WEST 0 SPLIT 0 HOLLOW 0>
<BLOCK LOCATION 43 9 0 DIMENSION 44 9 0 NORTH 1 SOUTH 0 EAST 0 WEST 1 SPLIT 0 HOLLOW 0>
<BLOCK LOCATION 44 8 0 DIMENSION 44 8 0 TYPE 7>
<BLOCK LOCATION 43 15 2 DIMENSION 43 15 2 TYPE 7>
<BLOCK LOCATION 43 15 6 DIMENSION 43 15 6 TYPE 6>
<BLOCK LOCATION 44 8 4 DIMENSION 44 8 4 TYPE 6>
<BLOCK LOCATION 47 12 1 DIMENSION 47 12 1 TYPE 8>
<BLOCK LOCATION 40 11 3 DIMENSION 40 11 3 TYPE 8>
<BLOCK LOCATION 47 12 5 DIMENSION 47 12 5 TYPE 9>
<BLOCK LOCATION 40 11 7 DIMENSION 40 11 7 TYPE 10>
<BLOCK LOCATION 45 8 0 DIMENSION 47 8 0 NORTH 0 SOUTH 0 EAST 0 WEST 0 SPLIT 0 HOLLOW 0>
<BLOCK LOCATION 47 9 0 DIMENSION 47 10 0 NORTH 0 SOUTH 0 EAST 0 WEST 0 SPLIT 0 HOLLOW 0>
<BLOCK LOCATION 47 11 0 DIMENSION 47 11 0 NORTH 1 SOUTH 0 EAST 0 WEST 1 SPLIT 0 HOLLOW 0>
<BLOCK LOCATION 47 13 1 DIMENSION 47 15 1 NORTH 0 SOUTH 0 EAST 0 WEST 0 SPLIT 0 HOLLOW 0>
<BLOCK LOCATION 45 15 1 DIMENSION 46 15 1 NORTH 0 SOUTH 0 EAST 0 WEST 0 SPLIT 0 HOLLOW 0>
<BLOCK LOCATION 44 15 1 DIMENSION 44 15 1 NORTH 0 SOUTH 1 EAST 0 WEST 1 SPLIT 0 HOLLOW 0>
<BLOCK LOCATION 40 15 2 DIMENSION 42 15 2 NORTH 0 SOUTH 0 EAST 0 WEST 0 SPLIT 0 HOLLOW 0>
<BLOCK LOCATION 40 13 2 DIMENSION 40 14 2 NORTH 0 SOUTH 0 EAST 0 WEST 0 SPLIT 0 HOLLOW 0>
<BLOCK LOCATION 40 12 2 DIMENSION 40 12 2 NORTH 0 SOUTH 1 EAST 1 WEST 0 SPLIT 0 HOLLOW 0>
<BLOCK LOCATION 40 8 3 DIMENSION 40 10 3 NORTH 0 SOUTH 0 EAST 0 WEST 0 SPLIT 0 HOLLOW 0>
<BLOCK LOCATION 41 8 3 DIMENSION 42 8 3 NORTH 0 SOUTH 0 EAST 0 WEST 0 SPLIT 0 HOLLOW 0>
<BLOCK LOCATION 43 8 3 DIMENSION 43 8 3 NORTH 1 SOUTH 0 EAST 1 WEST 0 SPLIT 0 HOLLOW 0>
<BLOCK LOCATION 45 8 4 DIMENSION 47 8 4 NORTH 0 SOUTH 0 EAST 0 WEST 0 SPLIT 0 HOLLOW 0>
<BLOCK LOCATION 47 9 4 DIMENSION 47 10 4 NORTH 0 SOUTH 0 EAST 0 WEST 0 SPLIT 0 HOLLOW 0>
<BLOCK LOCATION 47 11 4 DIMENSION 47 11 4 NORTH 1 SOUTH 0 EAST 0 WEST 1 SPLIT 0 HOLLOW 0>
<BLOCK LOCATION 47 13 5 DIMENSION 47 15 5 NORTH 0 SOUTH 0 EAST 0 WEST 0 SPLIT 0 HOLLOW 0>
<BLOCK LOCATION 45 15 5 DIMENSION 46 15 5 NORTH 0 SOUTH 0 EAST 0 WEST 0 SPLIT 0 HOLLOW 0>
<BLOCK LOCATION 44 15 5 DIMENSION 44 15 5 NORTH 0 SOUTH 1 EAST 0 WEST 1 SPLIT 0 HOLLOW 0>
<BLOCK LOCATION 40 15 6 DIMENSION 42 15 6 NORTH 0 SOUTH 0 EAST 0 WEST 0 SPLIT 0 HOLLOW 0>
<BLOCK LOCATION 40 13 6 DIMENSION 40 14 6 NORTH 0 SOUTH 0 EAST 0 WEST 0 SPLIT 0 HOLLOW 0>
<BLOCK LOCATION 40 12 6 DIMENSION 40 12 6 NORTH 0 SOUTH 1 EAST 1 WEST 0 SPLIT 0 HOLLOW 0>
<BLOCK LOCATION 40 10 6 DIMENSION 40 10 6 NORTH 1 SOUTH 0 EAST 0 WEST 1 SPLIT 0 HOLLOW 0>
<BLOCK LOCATION 40 8 2 DIMENSION 40 9 2 NORTH 2 SOUTH 0 EAST 0 WEST 2 SPLIT 0 HOLLOW 1>
<JEWEL LOCATION 40 11 7>
<JEWEL LOCATION 47 12 5>
<ZONE LOCATION 40 -8 0 DIMENSIONS 8 8 8 COLOURSCHEME 6>
<BLOCK LOCATION 43 -8 0 DIMENSION 44 -1 0 NORTH 0 SOUTH 0 EAST 0 WEST 0 SPLIT 0 HOLLOW 0>
<BLOCK LOCATION 43 -8 0 DIMENSION 44 -8 0 TYPE 7>
<BLOCK LOCATION 47 -6 0 DIMENSION 47 -6 0 TYPE 8>
<BLOCK LOCATION 40 -6 0 DIMENSION 40 -6 0 TYPE 9>
<BLOCK LOCATION 40 -4 0 DIMENSION 40 -4 0 TYPE 10>
<BLOCK LOCATION 47 -4 0 DIMENSION 47 -4 0 TYPE 6>
<BLOCK LOCATION 47 -2 0 DIMENSION 47 -2 0 TYPE 5>
<BLOCK LOCATION 40 -2 0 DIMENSION 40 -2 0 TYPE 4>
<BLOCK LOCATION 45 -2 0 DIMENSION 46 -2 0 NORTH 0 SOUTH 0 EAST 0 WEST 0 SPLIT 0 HOLLOW 0>
<BLOCK LOCATION 45 -2 0 DIMENSION 46 -2 0 NORTH 0 SOUTH 0 EAST 0 WEST 0 SPLIT 0 HOLLOW 0>
<BLOCK LOCATION 41 -6 0 DIMENSION 42 -6 0 NORTH 0 SOUTH 0 EAST 0 WEST 0 SPLIT 0 HOLLOW 0>
<BLOCK LOCATION 41 -6 0 DIMENSION 42 -6 0 NORTH 0 SOUTH 0 EAST 0 WEST 0 SPLIT 0 HOLLOW 0>
<BLOCK LOCATION 45 -4 0 DIMENSION 46 -4 0 NORTH 0 SOUTH 0 EAST 0 WEST 0 SPLIT 0 HOLLOW 0>
<BLOCK LOCATION 45 -4 0 DIMENSION 46 -4 0 NORTH 0 SOUTH 0 EAST 0 WEST 0 SPLIT 0 HOLLOW 0>
<BLOCK LOCATION 41 -2 0 DIMENSION 42 -2 0 NORTH 0 SOUTH 0 EAST 0 WEST 0 SPLIT 0 HOLLOW 0>
<BLOCK LOCATION 41 -2 0 DIMENSION 42 -2 0 NORTH 0 SOUTH 0 EAST 0 WEST 0 SPLIT 0 HOLLOW 0>
<BLOCK LOCATION 45 -6 0 DIMENSION 46 -6 0 NORTH 0 SOUTH 0 EAST 0 WEST 0 SPLIT 0 HOLLOW 0>
<BLOCK LOCATION 45 -6 0 DIMENSION 46 -6 0 NORTH 0 SOUTH 0 EAST 0 WEST 0 SPLIT 0 HOLLOW 0>
<BLOCK LOCATION 41 -4 0 DIMENSION 42 -4 0 NORTH 0 SOUTH 0 EAST 0 WEST 0 SPLIT 0 HOLLOW 0>
<BLOCK LOCATION 41 -4 0 DIMENSION 42 -4 0 NORTH 0 SOUTH 0 EAST 0 WEST 0 SPLIT 0 HOLLOW 0>
<JEWEL LOCATION 40 -4 0>
<JEWEL LOCATION 47 -4 0>
<ZONE LOCATION 48 0 0 DIMENSIONS 8 8 8 COLOURSCHEME 6>
<BLOCK LOCATION 48 2 0 DIMENSION 55 5 0 NORTH 0 SOUTH 0 EAST 0 WEST 0 SPLIT 0 HOLLOW 0>
<BLOCK LOCATION 54 2 0 DIMENSION 55 5 7 NORTH 0 SOUTH 0 EAST 0 WEST 0 SPLIT 0 HOLLOW 0>
<BLOCK LOCATION 52 4 0 DIMENSION 52 4 0 TYPE 8>
<BLOCK LOCATION 49 2 0 DIMENSION 49 5 0 TYPE 11>
<BLOCK LOCATION 52 5 0 DIMENSION 52 5 0 TYPE 0>
<BLOCK LOCATION 53 1 0 DIMENSION 53 1 0 NORTH 0 SOUTH 0 EAST 0 WEST 0 SPLIT 0 HOLLOW 0>
<BLOCK LOCATION 53 5 0 DIMENSION 53 5 5 NORTH 0 SOUTH 0 EAST 0 WEST 0 SPLIT 0 HOLLOW 0>
<BLOCK LOCATION 53 6 5 DIMENSION 53 6 5 TYPE 9>
<BLOCK LOCATION 55 3 0 DIMENSION 55 4 7 TYPE 12>
<LIFT TYPE 8 LOCATION 53 4 0 TOP 3 0 BOTTOM 0 0>
<LIFT TYPE 0 LOCATION 53 4 5 TOP 5 0 BOTTOM 2 0>
<LIFT TYPE 9 LOCATION 52 6 3 TOP 5 500 BOTTOM 0 500>
<LIFT TYPE 9 LOCATION 54 1 0 TOP 4 0 BOTTOM 0 0>
<LIFT TYPE 0 LOCATION 54 1 7 TOP 7 0 BOTTOM 3 0>
<ZONE LOCATION 56 0 0 DIMENSIONS 8 8 8 COLOURSCHEME 6>
<BLOCK LOCATION 56 2 0 DIMENSION 63 5 7 NORTH 0 SOUTH 0 EAST 0 WEST 0 SPLIT 0 HOLLOW 0>
<BLOCK LOCATION 57 3 1 DIMENSION 62 4 6 TYPE 19>
<BLOCK LOCATION 63 3 1 DIMENSION 63 3 2 TYPE 19>
<BLOCK LOCATION 57 4 0 DIMENSION 57 4 0 TYPE 7>
<BLOCK LOCATION 60 1 0 DIMENSION 60 1 7 NORTH 0 SOUTH 0 EAST 0 WEST 0 SPLIT 0 HOLLOW 0>
<BLOCK LOCATION 61 1 4 DIMENSION 63 1 4 NORTH 0 SOUTH 1 EAST 0 WEST 1 SPLIT 0 HOLLOW 1>
<ZONE LOCATION 64 0 0 DIMENSIONS 8 8 8 COLOURSCHEME 6>
<BLOCK LOCATION 64 1 0 DIMENSION 67 1 0 NORTH 0 SOUTH 1 EAST 0 WEST 1 SPLIT 0 HOLLOW 1>
<BLOCK LOCATION 68 1 0 DIMENSION 68 1 0 NORTH 0 SOUTH 0 EAST 0 WEST 0 SPLIT 0 HOLLOW 0>
<BLOCK LOCATION 64 2 0 DIMENSION 68 5 0 NORTH 0 SOUTH 0 EAST 0 WEST 0 SPLIT 0 HOLLOW 0>
<BLOCK LOCATION 71 2 0 DIMENSION 71 5 1 NORTH 0 SOUTH 0 EAST 0 WEST 0 SPLIT 0 HOLLOW 0>
<BLOCK LOCATION 71 3 1 DIMENSION 71 4 1 TYPE 19>
<BLOCK LOCATION 69 3 0 DIMENSION 70 4 0 NORTH 0 SOUTH 0 EAST 0 WEST 0 SPLIT 0 HOLLOW 0>
<ZONE LOCATION 72 0 0 DIMENSIONS 8 8 8 COLOURSCHEME 6>
<BLOCK LOCATION 72 0 0 DIMENSION 79 7 0 NORTH 0 SOUTH 0 EAST 0 WEST 0 SPLIT 0 HOLLOW 0>
<BLOCK LOCATION 72 0 0 DIMENSION 72 2 1 NORTH 0 SOUTH 0 EAST 0 WEST 0 SPLIT 0 HOLLOW 0>
<BLOCK LOCATION 72 5 0 DIMENSION 72 7 1 NORTH 0 SOUTH 0 EAST 0 WEST 0 SPLIT 0 HOLLOW 0>
<BLOCK LOCATION 79 3 0 DIMENSION 79 4 5 NORTH 0 SOUTH 0 EAST 0 WEST 0 SPLIT 0 HOLLOW 0>
<BLOCK LOCATION 79 2 0 DIMENSION 79 2 4 NORTH 1 SOUTH 0 EAST 0 WEST 1 SPLIT 1 HOLLOW 0>
<BLOCK LOCATION 79 5 0 DIMENSION 79 5 4 NORTH 0 SOUTH 1 EAST 1 WEST 0 SPLIT 1 HOLLOW 0>
<BLOCK LOCATION 78 5 0 DIMENSION 78 5 4 NORTH 0 SOUTH 0 EAST 1 WEST 0 SPLIT 1 HOLLOW 0>
<BLOCK LOCATION 78 2 0 DIMENSION 78 2 4 NORTH 1 SOUTH 0 EAST 0 WEST 0 SPLIT 0 HOLLOW 0>
<BLOCK LOCATION 78 3 4 DIMENSION 78 4 4 NORTH 1 SOUTH 0 EAST 1 WEST 0 SPLIT 0 HOLLOW 0>
<BLOCK LOCATION 75 7 0 DIMENSION 75 7 4 NORTH 1 SOUTH 0 EAST 0 WEST 0 SPLIT 0 HOLLOW 0>
<BLOCK LOCATION 76 7 0 DIMENSION 76 7 4 NORTH 0 SOUTH 0 EAST 0 WEST 1 SPLIT 1 HOLLOW 0>
<JEWEL LOCATION 78 4 0>
<ZONE LOCATION -16 0 0 DIMENSIONS 8 8 8 COLOURSCHEME 1>
<BLOCK LOCATION -16 0 0 DIMENSION -9 7 0 NORTH 0 SOUTH 0 EAST 0 WEST 0 SPLIT 0 HOLLOW 0>
<BLOCK LOCATION -9 7 0 DIMENSION -9 7 1 NORTH 0 SOUTH 1 EAST 1 WEST 0 SPLIT 0 HOLLOW 0>
<BLOCK LOCATION -9 5 4 DIMENSION -9 5 4 NORTH 0 SOUTH 1 EAST 1 WEST 0 SPLIT 0 HOLLOW 0>
<BLOCK LOCATION -9 0 0 DIMENSION -9 0 1 NORTH 1 SOUTH 0 EAST 0 WEST 1 SPLIT 0 HOLLOW 0>
<BLOCK LOCATION -9 2 4 DIMENSION -9 2 4 NORTH 1 SOUTH 0 EAST 0 WEST 1 SPLIT 0 HOLLOW 0>
<BLOCK LOCATION -9 1 0 DIMENSION -9 1 2 NORTH 2 SOUTH 0 EAST 0 WEST 2 SPLIT 0 HOLLOW 0>
<BLOCK LOCATION -9 6 0 DIMENSION -9 6 2 NORTH 0 SOUTH 2 EAST 2 WEST 0 SPLIT 0 HOLLOW 0>
<BLOCK LOCATION -9 3 4 DIMENSION -9 4 5 NORTH 0 SOUTH 0 EAST 0 WEST 0 SPLIT 0 HOLLOW 0>
<BLOCK LOCATION -14 3 0 DIMENSION -13 4 0 NORTH 1 SOUTH 0 EAST 1 WEST 0 SPLIT 0 HOLLOW 0>
<BLOCK LOCATION -12 1 0 DIMENSION -12 6 1 NORTH 0 SOUTH 0 EAST 0 WEST 0 SPLIT 1 HOLLOW 0>
<BLOCK LOCATION -12 5 0 DIMENSION -12 5 1 NORTH 0 SOUTH 1 EAST 1 WEST 0 SPLIT 1 HOLLOW 0>
<BLOCK LOCATION -12 2 0 DIMENSION -12 2 1 NORTH 1 SOUTH 0 EAST 0 WEST 1 SPLIT 1 HOLLOW 0>
<BLOCK LOCATION -12 3 0 DIMENSION -12 3 2 NORTH 1 SOUTH 0 EAST 0 WEST 0 SPLIT 0 HOLLOW 0>
<BLOCK LOCATION -12 4 0 DIMENSION -12 4 2 NORTH 0 SOUTH 0 EAST 1 WEST 0 SPLIT 1 HOLLOW 0>
<BLOCK LOCATION -9 2 0 DIMENSION -9 5 0 TYPE 11>
<JEWEL LOCATION -12 1 1>
<JEWEL LOCATION -12 6 1>
<JEWEL LOCATION -9 3 5>
<ZONE LOCATION -16 8 0 DIMENSIONS 8 8 8 COLOURSCHEME 1>
<BLOCK LOCATION -16 8 0 DIMENSION -9 15 1 NORTH 0 SOUTH 0 EAST 0 WEST 0 SPLIT 0 HOLLOW 0>
<BLOCK LOCATION -16 8 1 DIMENSION -10 14 1 TYPE 19>
<BLOCK LOCATION -13 14 0 DIMENSION -12 14 0 NORTH 1 SOUTH 0 EAST 0 WEST 1 SPLIT 0 HOLLOW 0>
<BLOCK LOCATION -14 15 0 DIMENSION -14 15 1 TYPE 13>
<BLOCK LOCATION -11 15 0 DIMENSION -11 15 1 TYPE 12>
<ZONE LOCATION -24 8 0 DIMENSIONS 8 8 8 COLOURSCHEME 2>
<BLOCK LOCATION -24 8 0 DIMENSION -17 15 1 NORTH 0 SOUTH 0 EAST 0 WEST 0 SPLIT 0 HOLLOW 0>
<BLOCK LOCATION -24 8 1 DIMENSION -17 14 1 TYPE 19>
<BLOCK LOCATION -21 9 0 DIMENSION -20 10 2 NORTH 1 SOUTH 0 EAST 0 WEST 1 SPLIT 0 HOLLOW 0>
<BLOCK LOCATION -21 11 0 DIMENSION -20 12 4 NORTH 0 SOUTH 0 EAST 0 WEST 0 SPLIT 0 HOLLOW 0>
<JEWEL LOCATION -20 12 4>
<ZONE LOCATION -24 0 0 DIMENSIONS 8 8 8 COLOURSCHEME 2>
<BLOCK LOCATION -24 0 0 DIMENSION -17 7 0 NORTH 0 SOUTH 0 EAST 0 WEST 0 SPLIT 0 HOLLOW 0>
<BLOCK LOCATION -21 1 0 DIMENSION -20 2 0 NORTH 1 SOUTH 0 EAST 0 WEST 1 SPLIT 0 HOLLOW 0>
<BLOCK LOCATION -21 5 0 DIMENSION -20 6 0 TYPE 16>
<ZONE LOCATION -16 -8 0 DIMENSIONS 8 8 8 COLOURSCHEME 1>
<BLOCK LOCATION -16 -8 0 DIMENSION -9 -1 1 NORTH 0 SOUTH 0 EAST 0 WEST 0 SPLIT 0 HOLLOW 0>
<BLOCK LOCATION -16 -7 1 DIMENSION -10 -1 1 TYPE 19>
<BLOCK LOCATION -15 -4 0 DIMENSION -10 -3 0 TYPE 19>
<BLOCK LOCATION -14 -7 0 DIMENSION -13 -2 0 TYPE 19>
<BLOCK LOCATION -14 -6 0 DIMENSION -13 -6 0 NORTH 0 SOUTH 0 EAST 0 WEST 0 SPLIT 0 HOLLOW 0>
<BLOCK LOCATION -11 -4 0 DIMENSION -11 -3 0 NORTH 0 SOUTH 0 EAST 0 WEST 0 SPLIT 0 HOLLOW 0>
<BLOCK LOCATION -11 -5 7 DIMENSION -9 -5 7 NORTH 0 SOUTH 0 EAST 0 WEST 0 SPLIT 0 HOLLOW 0>
<BLOCK LOCATION -12 -5 0 DIMENSION -12 -5 7 NORTH 0 SOUTH 0 EAST 0 WEST 0 SPLIT 0 HOLLOW 0>
<BLOCK LOCATION -12 -8 7 DIMENSION -12 -6 7 NORTH 0 SOUTH 0 EAST 0 WEST 0 SPLIT 0 HOLLOW 0>
<JEWEL LOCATION -10 -7 1>
<ZONE LOCATION -24 -8 0 DIMENSIONS 8 8 8 COLOURSCHEME 2>
<BLOCK LOCATION -24 -7 0 DIMENSION -17 -1 0 NORTH 0 SOUTH 0 EAST 0 WEST 0 SPLIT 0 HOLLOW 0>
<BLOCK LOCATION -24 -8 0 DIMENSION -17 -8 1 NORTH 0 SOUTH 0 EAST 0 WEST 0 SPLIT 0 HOLLOW 0>
<BLOCK LOCATION -23 -4 0 DIMENSION -22 -3 3 NORTH 0 SOUTH 0 EAST 0 WEST 0 SPLIT 0 HOLLOW 0>
<BLOCK LOCATION -21 -4 3 DIMENSION -20 -3 3 NORTH 0 SOUTH 0 EAST 0 WEST 0 SPLIT 0 HOLLOW 0>
<BLOCK LOCATION -19 -4 0 DIMENSION -18 -3 6 NORTH 0 SOUTH 0 EAST 0 WEST 0 SPLIT 0 HOLLOW 0>
<BLOCK LOCATION -21 -5 0 DIMENSION -20 -5 0 TYPE 14>
<BLOCK LOCATION -21 -2 0 DIMENSION -20 -2 0 TYPE 15>
<BLOCK LOCATION -21 -3 0 DIMENSION -20 -3 0 TYPE 7>
<BLOCK LOCATION -21 -4 3 DIMENSION -21 -3 3 TYPE 3>
<BLOCK LOCATION -21 -8 0 DIMENSION -20 -8 1 TYPE 15>
<BLOCK LOCATION -23 -8 0 DIMENSION -23 -8 1 NORTH 1 SOUTH 0 EAST 1 WEST 0 SPLIT 1 HOLLOW 0>
<JEWEL LOCATION -18 -3 6>
<JEWEL LOCATION 8 -49 1>
<LIFT TYPE 7 LOCATION -23 -5 0 TOP 3 1500 BOTTOM 0 1500>
<LIFT TYPE 7 LOCATION -22 -5 0 TOP 3 1500 BOTTOM 0 1500>
<LIFT TYPE 3 LOCATION -20 -4 3 TOP 6 1500 BOTTOM 3 1500>
<LIFT TYPE 3 LOCATION -20 -3 3 TOP 6 1500 BOTTOM 3 1500>
<ZONE LOCATION -32 8 -4 DIMENSIONS 8 8 12 COLOURSCHEME 3>
<BLOCK LOCATION -32 8 -4 DIMENSION -25 15 1 NORTH 0 SOUTH 0 EAST 0 WEST 0 SPLIT 0 HOLLOW 0>
<BLOCK LOCATION -31 8 1 DIMENSION -25 14 1 TYPE 19>
<BLOCK LOCATION -26 13 -3 DIMENSION -26 13 0 TYPE 19>
<BLOCK LOCATION -26 9 -3 DIMENSION -26 12 -1 TYPE 19>
<BLOCK LOCATION -27 9 -3 DIMENSION -27 9 -1 TYPE 19>
<BLOCK LOCATION -28 9 -3 DIMENSION -28 13 -1 TYPE 19>
<BLOCK LOCATION -29 13 -3 DIMENSION -29 13 -1 TYPE 19>
<BLOCK LOCATION -30 9 -3 DIMENSION -30 13 -1 TYPE 19>
<BLOCK LOCATION -30 9 0 DIMENSION -30 11 0 TYPE 19>
<BLOCK LOCATION -26 9 0 DIMENSION -26 9 0 TYPE 13>
<BLOCK LOCATION -28 13 0 DIMENSION -28 13 0 TYPE 13>
<BLOCK LOCATION -28 9 0 DIMENSION -28 9 0 TYPE 14>
<BLOCK LOCATION -30 13 0 DIMENSION -30 13 0 TYPE 15>
<BLOCK LOCATION -30 9 -4 DIMENSION -30 12 -4 NORTH 0 SOUTH 1 EAST 1 WEST 0 SPLIT 0 HOLLOW 0>
<BLOCK LOCATION -28 11 0 DIMENSION -28 11 0 TYPE 16>
<BLOCK LOCATION -26 13 0 DIMENSION -26 13 0 TYPE 8>
<BLOCK LOCATION -26 13 -2 DIMENSION -26 13 -2 TYPE 0>
<BLOCK LOCATION -30 13 -4 DIMENSION -30 13 -4 TYPE 7>
<BLOCK LOCATION -30 9 0 DIMENSION -30 11 0 NORTH 0 SOUTH 0 EAST 0 WEST 0 SPLIT 0 HOLLOW 0>
<BLOCK LOCATION -30 8 0 DIMENSION -30 8 0 TYPE 11>
<JEWEL LOCATION -28 11 -4>
<ZONE LOCATION -32 0 0 DIMENSIONS 8 8 8 COLOURSCHEME 3>
<BLOCK LOCATION -31 0 0 DIMENSION -25 7 0 NORTH 0 SOUTH 0 EAST 0 WEST 0 SPLIT 0 HOLLOW 0>
<BLOCK LOCATION -32 0 0 DIMENSION -32 7 1 NORTH 0 SOUTH 0 EAST 0 WEST 0 SPLIT 0 HOLLOW 0>
<BLOCK LOCATION -26 6 0 DIMENSION -26 6 0 NORTH 0 SOUTH 1 EAST 1 WEST 0 SPLIT 1 HOLLOW 0>
<BLOCK LOCATION -26 3 0 DIMENSION -26 5 1 NORTH 0 SOUTH 0 EAST 0 WEST 0 SPLIT 1 HOLLOW 0>
<BLOCK LOCATION -29 3 0 DIMENSION -27 3 1 NORTH 0 SOUTH 0 EAST 0 WEST 0 SPLIT 1 HOLLOW 0>
<BLOCK LOCATION -29 4 0 DIMENSION -29 5 1 NORTH 0 SOUTH 0 EAST 0 WEST 0 SPLIT 1 HOLLOW 0>
<BLOCK LOCATION -29 5 0 DIMENSION -29 5 1 TYPE 9>
<BLOCK LOCATION -29 0 0 DIMENSION -29 0 1 TYPE 15>
<BLOCK LOCATION -32 5 0 DIMENSION -32 5 1 NORTH 0 SOUTH 1 EAST 1 WEST 0 SPLIT 0 HOLLOW 0>
<BLOCK LOCATION -32 1 0 DIMENSION -32 1 1 NORTH 1 SOUTH 0 EAST 0 WEST 1 SPLIT 0 HOLLOW 0>
<BLOCK LOCATION -26 0 0 DIMENSION -26 2 1 NORTH 0 SOUTH 0 EAST 0 WEST 0 SPLIT 0 HOLLOW 0>
<BLOCK LOCATION -29 1 0 DIMENSION -29 2 1 NORTH 0 SOUTH 0 EAST 0 WEST 0 SPLIT 0 HOLLOW 0>
<ZONE LOCATION -32 -8 0 DIMENSIONS 8 8 8 COLOURSCHEME 3>
<BLOCK LOCATION -32 -8 0 DIMENSION -25 -1 1 NORTH 0 SOUTH 0 EAST 0 WEST 0 SPLIT 1 HOLLOW 0>
<BLOCK LOCATION -31 -7 1 DIMENSION -25 -1 1 TYPE 19>
<BLOCK LOCATION -26 -5 0 DIMENSION -26 -1 1 NORTH 0 SOUTH 0 EAST 0 WEST 0 SPLIT 1 HOLLOW 0>
<BLOCK LOCATION -28 -5 0 DIMENSION -27 -5 1 NORTH 0 SOUTH 0 EAST 0 WEST 0 SPLIT 1 HOLLOW 0>
<BLOCK LOCATION -29 -5 0 DIMENSION -29 -5 1 TYPE 5>
<BLOCK LOCATION -29 -2 0 DIMENSION -29 -2 1 NORTH 0 SOUTH 0 EAST 0 WEST 0 SPLIT 1 HOLLOW 0>
<BLOCK LOCATION -29 -1 0 DIMENSION -29 -1 1 NORTH 0 SOUTH 0 EAST 0 WEST 0 SPLIT 0 HOLLOW 0>
<JEWEL LOCATION -29 -2 1>
<ZONE LOCATION -24 -16 -8 DIMENSIONS 8 8 16 COLOURSCHEME 9>
<BLOCK LOCATION -21 -9 1 DIMENSION -20 -9 1 NORTH 0 SOUTH 0 EAST 0 WEST 0 SPLIT 0 HOLLOW 0>
<BLOCK LOCATION -21 -10 -8 DIMENSION -20 -10 0 NORTH 1 SOUTH 0 EAST 0 WEST 1 SPLIT 0 HOLLOW 0>
<BLOCK LOCATION -21 -14 -4 DIMENSION -20 -11 -4 NORTH 1 SOUTH 0 EAST 0 WEST 1 SPLIT 0 HOLLOW 1>
<BLOCK LOCATION -21 -15 -8 DIMENSION -20 -15 -5 NORTH 1 SOUTH 0 EAST 0 WEST 1 SPLIT 0 HOLLOW 0>
<BLOCK LOCATION -21 -16 -5 DIMENSION -20 -16 -5 NORTH 0 SOUTH 0 EAST 0 WEST 0 SPLIT 0 HOLLOW 0>
<BLOCK LOCATION -24 -13 -8 DIMENSION -17 -12 -8 NORTH 0 SOUTH 0 EAST 0 WEST 0 SPLIT 0 HOLLOW 0>
<ZONE LOCATION -24 -24 -8 DIMENSIONS 8 8 8 COLOURSCHEME 9>
<BLOCK LOCATION -21 -24 -5 DIMENSION -20 -17 -5 NORTH 0 SOUTH 0 EAST 0 WEST 0 SPLIT 0 HOLLOW 0>
<BLOCK LOCATION -21 -23 -8 DIMENSION -20 -18 -5 TYPE 15>
<BLOCK LOCATION -21 -22 -8 DIMENSION -20 -19 -5 TYPE 19>
<BLOCK LOCATION -21 -21 -8 DIMENSION -20 -20 -8 TYPE 16>
<ZONE LOCATION -24 -32 -16 DIMENSIONS 8 8 16 COLOURSCHEME 9>
<BLOCK LOCATION -21 -25 -5 DIMENSION -20 -25 -5 NORTH 0 SOUTH 0 EAST 0 WEST 0 SPLIT 0 HOLLOW 0>
<BLOCK LOCATION -21 -26 -16 DIMENSION -20 -26 -6 NORTH 1 SOUTH 0 EAST 0 WEST 1 SPLIT 0 HOLLOW 0>
<BLOCK LOCATION -21 -27 -16 DIMENSION -20 -27 -9 NORTH 2 SOUTH 0 EAST 0 WEST 2 SPLIT 0 HOLLOW 0>
<BLOCK LOCATION -21 -28 -16 DIMENSION -20 -28 -12 NORTH 2 SOUTH 0 EAST 0 WEST 2 SPLIT 0 HOLLOW 0>
<BLOCK LOCATION -21 -29 -16 DIMENSION -20 -29 -15 NORTH 2 SOUTH 0 EAST 0 WEST 2 SPLIT 0 HOLLOW 0>
<BLOCK LOCATION -21 -30 -16 DIMENSION -20 -30 -16 NORTH 1 SOUTH 0 EAST 0 WEST 1 SPLIT 0 HOLLOW 0>
<BLOCK LOCATION -21 -32 -16 DIMENSION -20 -31 -16 NORTH 0 SOUTH 0 EAST 0 WEST 0 SPLIT 0 HOLLOW 0>
<BLOCK LOCATION -21 -27 -15 DIMENSION -20 -26 -13 TYPE 19>
<BLOCK LOCATION -24 -27 -16 DIMENSION -17 -26 -16 NORTH 0 SOUTH 0 EAST 0 WEST 0 SPLIT 0 HOLLOW 0>
<ZONE LOCATION -24 -40 -16 DIMENSIONS 8 8 8 COLOURSCHEME 9>
<BLOCK LOCATION -21 -34 -16 DIMENSION -20 -33 -16 NORTH 0 SOUTH 0 EAST 0 WEST 0 SPLIT 0 HOLLOW 0>
<BLOCK LOCATION -21 -35 -16 DIMENSION -20 -35 -16 NORTH 0 SOUTH 1 EAST 1 WEST 0 SPLIT 0 HOLLOW 0>
<BLOCK LOCATION -21 -40 -16 DIMENSION -20 -40 -16 NORTH 1 SOUTH 0 EAST 0 WEST 1 SPLIT 0 HOLLOW 0>
<ZONE LOCATION -24 -48 -24 DIMENSIONS 8 8 16 COLOURSCHEME 10>
<BLOCK LOCATION -24 -48 -24 DIMENSION -17 -41 -16 NORTH 0 SOUTH 0 EAST 0 WEST 0 SPLIT 0 HOLLOW 0>
<BLOCK LOCATION -24 -48 -23 DIMENSION -18 -42 -16 TYPE 19>
<BLOCK LOCATION -24 -47 -24 DIMENSION -19 -44 -24 TYPE 19>
<BLOCK LOCATION -18 -46 -24 DIMENSION -18 -45 -24 TYPE 19>
<BLOCK LOCATION -24 -48 -24 DIMENSION -23 -48 -24 TYPE 19>
<BLOCK LOCATION -17 -46 -24 DIMENSION -17 -45 -20 TYPE 19>
<BLOCK LOCATION -24 -48 -24 DIMENSION -17 -44 -24 TYPE 17>
<BLOCK LOCATION -21 -42 -16 DIMENSION -20 -42 -16 NORTH 0 SOUTH 0 EAST 0 WEST 0 SPLIT 0 HOLLOW 0>
<BLOCK LOCATION -21 -43 -16 DIMENSION -20 -43 -16 NORTH 1 SOUTH 0 EAST 0 WEST 1 SPLIT 0 HOLLOW 0>
<ZONE LOCATION -8 -8 0 DIMENSIONS 8 8 8 COLOURSCHEME 1>
<BLOCK LOCATION -8 -5 7 DIMENSION -1 -5 7 NORTH 0 SOUTH 0 EAST 0 WEST 0 SPLIT 0 HOLLOW 0>
<BLOCK LOCATION -5 -5 0 DIMENSION -4 -5 7 NORTH 0 SOUTH 0 EAST 0 WEST 0 SPLIT 0 HOLLOW 0>
<BLOCK LOCATION -5 -4 7 DIMENSION -4 -2 7 TYPE 14>
<ZONE LOCATION -8 8 0 DIMENSIONS 8 8 8 COLOURSCHEME 4>
<BLOCK LOCATION -5 9 7 DIMENSION -4 11 7 TYPE 15>
<BLOCK LOCATION -5 9 0 DIMENSION -4 9 7 TYPE 15>
<BLOCK LOCATION -5 12 7 DIMENSION -4 15 7 NORTH 0 SOUTH 0 EAST 0 WEST 0 SPLIT 0 HOLLOW 0>
<BLOCK LOCATION -5 14 0 DIMENSION -4 14 7 NORTH 0 SOUTH 0 EAST 0 WEST 0 SPLIT 0 HOLLOW 0>
<ZONE LOCATION -8 16 0 DIMENSIONS 8 8 8 COLOURSCHEME 4>
<BLOCK LOCATION -5 16 7 DIMENSION -4 16 7 NORTH 0 SOUTH 0 EAST 0 WEST 0 SPLIT 0 HOLLOW 0>
<BLOCK LOCATION -5 17 0 DIMENSION -4 17 6 NORTH 0 SOUTH 1 EAST 1 WEST 0 SPLIT 0 HOLLOW 0>
<BLOCK LOCATION -5 18 4 DIMENSION -4 19 4 NORTH 0 SOUTH 1 EAST 1 WEST 0 SPLIT 0 HOLLOW 1>
<BLOCK LOCATION -5 20 0 DIMENSION -4 21 4 NORTH 0 SOUTH 0 EAST 0 WEST 0 SPLIT 0 HOLLOW 0>
<BLOCK LOCATION -5 21 0 DIMENSION -4 21 4 TYPE 9>
<ZONE LOCATION 0 16 0 DIMENSIONS 8 8 8 COLOURSCHEME 5>
<BLOCK LOCATION 0 16 0 DIMENSION 7 23 1 NORTH 0 SOUTH 0 EAST 0 WEST 0 SPLIT 0 HOLLOW 0>
<BLOCK LOCATION 1 17 1 DIMENSION 7 23 1 TYPE 19>
<BLOCK LOCATION 3 16 1 DIMENSION 4 16 1 TYPE 19>
<BLOCK LOCATION 4 16 0 DIMENSION 4 16 0 NORTH 1 SOUTH 0 EAST 1 WEST 0 SPLIT 0 HOLLOW 0>
<BLOCK LOCATION 3 16 0 DIMENSION 3 16 0 NORTH 0 SOUTH 1 EAST 0 WEST 1 SPLIT 0 HOLLOW 0>
<BLOCK LOCATION 2 18 0 DIMENSION 7 23 1 NORTH 0 SOUTH 0 EAST 0 WEST 0 SPLIT 0 HOLLOW 0>
<BLOCK LOCATION 3 19 1 DIMENSION 7 23 1 TYPE 19>
<BLOCK LOCATION 4 20 0 DIMENSION 7 23 1 NORTH 0 SOUTH 0 EAST 0 WEST 0 SPLIT 0 HOLLOW 0>
<BLOCK LOCATION 5 21 1 DIMENSION 7 23 1 TYPE 19>
<BLOCK LOCATION 6 22 0 DIMENSION 6 23 1 NORTH 0 SOUTH 0 EAST 0 WEST 0 SPLIT 0 HOLLOW 0>
<BLOCK LOCATION 7 22 0 DIMENSION 7 22 1 NORTH 0 SOUTH 0 EAST 0 WEST 0 SPLIT 0 HOLLOW 0>
<BLOCK LOCATION 6 21 0 DIMENSION 6 21 1 NORTH 0 SOUTH 0 EAST 0 WEST 0 SPLIT 0 HOLLOW 0>
<BLOCK LOCATION 7 22 1 DIMENSION 7 22 1 TYPE 19>
<ZONE LOCATION 8 16 0 DIMENSIONS 8 8 8 COLOURSCHEME 5>
<BLOCK LOCATION 8 16 0 DIMENSION 15 23 1 NORTH 0 SOUTH 0 EAST 0 WEST 0 SPLIT 0 HOLLOW 0>
<BLOCK LOCATION 8 17 1 DIMENSION 14 17 1 TYPE 19>
<BLOCK LOCATION 14 18 1 DIMENSION 14 23 1 TYPE 19>
<BLOCK LOCATION 12 19 1 DIMENSION 12 23 1 TYPE 19>
<BLOCK LOCATION 8 19 1 DIMENSION 11 19 1 TYPE 19>
<BLOCK LOCATION 8 21 1 DIMENSION 10 21 1 TYPE 19>
<BLOCK LOCATION 10 22 1 DIMENSION 10 23 1 TYPE 19>
<BLOCK LOCATION 8 23 1 DIMENSION 8 23 1 TYPE 19>
<BLOCK LOCATION 14 21 0 DIMENSION 14 21 1 NORTH 0 SOUTH 0 EAST 0 WEST 0 SPLIT 0 HOLLOW 0>
<BLOCK LOCATION 11 19 0 DIMENSION 11 19 1 NORTH 0 SOUTH 0 EAST 0 WEST 0 SPLIT 0 HOLLOW 0>
<BLOCK LOCATION 11 22 1 DIMENSION 11 22 1 TYPE 19>
<JEWEL LOCATION 8 23 0>
<JEWEL LOCATION 8 22 1>
<ZONE LOCATION 8 24 0 DIMENSIONS 8 8 8 COLOURSCHEME 5>
<BLOCK LOCATION 8 24 0 DIMENSION 15 31 1 NORTH 0 SOUTH 0 EAST 0 WEST 0 SPLIT 0 HOLLOW 0>
<BLOCK LOCATION 8 26 1 DIMENSION 10 26 1 TYPE 19>
<BLOCK LOCATION 10 24 1 DIMENSION 10 25 1 TYPE 19>
<BLOCK LOCATION 8 28 1 DIMENSION 12 28 1 TYPE 19>
<BLOCK LOCATION 12 24 1 DIMENSION 12 27 1 TYPE 19>
<BLOCK LOCATION 14 24 1 DIMENSION 14 30 1 TYPE 19>
<BLOCK LOCATION 8 30 1 DIMENSION 13 30 1 TYPE 19>
<BLOCK LOCATION 8 24 1 DIMENSION 8 24 1 TYPE 19>
<BLOCK LOCATION 12 26 0 DIMENSION 12 26 1 NORTH 0 SOUTH 0 EAST 0 WEST 0 SPLIT 0 HOLLOW 0>
<BLOCK LOCATION 13 24 1 DIMENSION 13 24 1 TYPE 19>
<BLOCK LOCATION 8 27 1 DIMENSION 8 27 1 TYPE 19>
<BLOCK LOCATION 10 25 0 DIMENSION 10 25 1 NORTH 0 SOUTH 0 EAST 0 WEST 0 SPLIT 0 HOLLOW 0>
<BLOCK LOCATION 15 27 1 DIMENSION 15 28 1 TYPE 19>
<BLOCK LOCATION 15 29 0 DIMENSION 15 29 6 NORTH 0 SOUTH 1 EAST 1 WEST 0 SPLIT 0 HOLLOW 0>
<BLOCK LOCATION 15 26 0 DIMENSION 15 26 6 NORTH 1 SOUTH 0 EAST 0 WEST 1 SPLIT 0 HOLLOW 0>
<BLOCK LOCATION 15 27 6 DIMENSION 15 28 7 TYPE 12>
<JEWEL LOCATION 8 24 0>
<ZONE LOCATION 0 24 0 DIMENSIONS 8 8 8 COLOURSCHEME 5>
<BLOCK LOCATION 0 24 0 DIMENSION 7 31 1 NORTH 0 SOUTH 0 EAST 0 WEST 0 SPLIT 0 HOLLOW 0>
<BLOCK LOCATION 1 24 1 DIMENSION 1 30 1 TYPE 19>
<BLOCK LOCATION 2 30 1 DIMENSION 7 30 1 TYPE 19>
<BLOCK LOCATION 3 28 1 DIMENSION 7 28 1 TYPE 19>
<BLOCK LOCATION 3 24 1 DIMENSION 3 27 1 TYPE 19>
<BLOCK LOCATION 5 24 1 DIMENSION 5 26 1 TYPE 19>
<BLOCK LOCATION 6 26 1 DIMENSION 7 26 1 TYPE 19>
<BLOCK LOCATION 7 24 1 DIMENSION 7 24 1 TYPE 19>
<BLOCK LOCATION 1 28 0 DIMENSION 1 28 1 NORTH 0 SOUTH 0 EAST 0 WEST 0 SPLIT 0 HOLLOW 0>
<BLOCK LOCATION 2 25 1 DIMENSION 2 25 1 TYPE 19>
<BLOCK LOCATION 6 29 1 DIMENSION 6 29 1 TYPE 19>
<BLOCK LOCATION 3 31 1 DIMENSION 4 31 1 TYPE 19>
<BLOCK LOCATION 2 31 0 DIMENSION 2 31 6 NORTH 1 SOUTH 0 EAST 1 WEST 0 SPLIT 0 HOLLOW 0>
<BLOCK LOCATION 5 31 0 DIMENSION 5 31 6 NORTH 0 SOUTH 1 EAST 0 WEST 1 SPLIT 0 HOLLOW 0>
<BLOCK LOCATION 3 31 6 DIMENSION 4 31 7 TYPE 14>
<JEWEL LOCATION 7 24 0>
<JEWEL LOCATION 7 29 1>
<ZONE LOCATION -16 -16 0 DIMENSIONS 8 8 8 COLOURSCHEME 5>
<BLOCK LOCATION -12 -10 7 DIMENSION -12 -9 7 NORTH 0 SOUTH 0 EAST 0 WEST 0 SPLIT 0 HOLLOW 0>
<BLOCK LOCATION -12 -11 0 DIMENSION -12 -11 7 NORTH 0 SOUTH 0 EAST 0 WEST 0 SPLIT 0 HOLLOW 0>
<BLOCK LOCATION -12 -16 7 DIMENSION -12 -16 7 NORTH 0 SOUTH 0 EAST 0 WEST 0 SPLIT 0 HOLLOW 0>
<BLOCK LOCATION -12 -16 0 DIMENSION -12 -12 0 NORTH 0 SOUTH 0 EAST 0 WEST 0 SPLIT 0 HOLLOW 0>
<BLOCK LOCATION -12 -14 0 DIMENSION -12 -13 0 TYPE 16>
<ZONE LOCATION -16 -24 0 DIMENSIONS 8 8 8 COLOURSCHEME 5>
<BLOCK LOCATION -12 -17 7 DIMENSION -12 -17 7 NORTH 0 SOUTH 0 EAST 0 WEST 0 SPLIT 0 HOLLOW 0>
<BLOCK LOCATION -12 -19 0 DIMENSION -12 -19 5 NORTH 1 SOUTH 0 EAST 0 WEST 1 SPLIT 0 HOLLOW 0>
<BLOCK LOCATION -12 -18 6 DIMENSION -12 -18 6 NORTH 1 SOUTH 0 EAST 0 WEST 1 SPLIT 0 HOLLOW 0>
<BLOCK LOCATION -12 -17 0 DIMENSION -12 -17 0 NORTH 0 SOUTH 0 EAST 0 WEST 0 SPLIT 0 HOLLOW 0>
<BLOCK LOCATION -13 -20 0 DIMENSION -11 -18 0 NORTH 0 SOUTH 0 EAST 0 WEST 0 SPLIT 0 HOLLOW 0>
<BLOCK LOCATION -12 -24 0 DIMENSION -12 -21 0 NORTH 0 SOUTH 0 EAST 0 WEST 0 SPLIT 0 HOLLOW 0>
<BLOCK LOCATION -12 -20 5 DIMENSION -12 -20 5 TYPE 11>
<ZONE LOCATION 80 0 0 DIMENSIONS 8 8 8 COLOURSCHEME 8>
<BLOCK LOCATION 80 0 0 DIMENSION 87 7 0 NORTH 0 SOUTH 0 EAST 0 WEST 0 SPLIT 0 HOLLOW 0>
<BLOCK LOCATION 80 2 0 DIMENSION 80 2 4 NORTH 1 SOUTH 0 EAST 0 WEST 1 SPLIT 1 HOLLOW 0>
<BLOCK LOCATION 80 5 0 DIMENSION 80 5 4 NORTH 0 SOUTH 1 EAST 1 WEST 0 SPLIT 1 HOLLOW 0>
<BLOCK LOCATION 80 3 0 DIMENSION 80 4 5 NORTH 0 SOUTH 0 EAST 0 WEST 0 SPLIT 1 HOLLOW 0>
<BLOCK LOCATION 81 2 0 DIMENSION 81 2 4 NORTH 0 SOUTH 0 EAST 0 WEST 1 SPLIT 1 HOLLOW 0>
<BLOCK LOCATION 81 5 0 DIMENSION 81 5 4 NORTH 0 SOUTH 1 EAST 0 WEST 0 SPLIT 1 HOLLOW 0>
<BLOCK LOCATION 81 3 4 DIMENSION 81 4 4 NORTH 0 SOUTH 1 EAST 0 WEST 1 SPLIT 1 HOLLOW 0>
<ZONE LOCATION 72 8 0 DIMENSIONS 8 8 8 COLOURSCHEME 8>
<BLOCK LOCATION 72 8 0 DIMENSION 79 15 0 NORTH 0 SOUTH 0 EAST 0 WEST 0 SPLIT 0 HOLLOW 0>
<BLOCK LOCATION 72 8 0 DIMENSION 72 15 1 NORTH 0 SOUTH 0 EAST 0 WEST 0 SPLIT 0 HOLLOW 0>
<BLOCK LOCATION 75 8 0 DIMENSION 75 12 4 NORTH 1 SOUTH 0 EAST 1 WEST 0 SPLIT 0 HOLLOW 0>
<BLOCK LOCATION 76 8 0 DIMENSION 76 12 4 NORTH 0 SOUTH 1 EAST 0 WEST 1 SPLIT 0 HOLLOW 0>
<BLOCK LOCATION 76 13 0 DIMENSION 76 13 4 NORTH 0 SOUTH 1 EAST 0 WEST 0 SPLIT 0 HOLLOW 0>
<BLOCK LOCATION 75 13 0 DIMENSION 75 13 4 NORTH 0 SOUTH 0 EAST 1 WEST 0 SPLIT 1 HOLLOW 0>
<ZONE LOCATION 88 0 0 DIMENSIONS 8 8 24 COLOURSCHEME 7>
<BLOCK LOCATION 88 0 0 DIMENSION 95 7 0 NORTH 0 SOUTH 0 EAST 0 WEST 0 SPLIT 1 HOLLOW 0>
<BLOCK LOCATION 92 0 0 DIMENSION 95 7 16 NORTH 0 SOUTH 0 EAST 0 WEST 0 SPLIT 1 HOLLOW 0>
<BLOCK LOCATION 93 0 16 DIMENSION 95 7 16 TYPE 19>
<BLOCK LOCATION 92 3 1 DIMENSION 95 4 4 TYPE 19>
<BLOCK LOCATION 91 5 0 DIMENSION 91 5 3 NORTH 2 SOUTH 0 EAST 2 WEST 0 SPLIT 1 HOLLOW 0>
<BLOCK LOCATION 91 2 0 DIMENSION 91 2 3 NORTH 2 SOUTH 0 EAST 2 WEST 0 SPLIT 1 HOLLOW 0>
<BLOCK LOCATION 90 5 0 DIMENSION 90 5 3 TYPE 16>
<BLOCK LOCATION 90 2 0 DIMENSION 90 2 3 TYPE 16>
<BLOCK LOCATION 91 6 0 DIMENSION 91 6 6 TYPE 16>
<BLOCK LOCATION 91 1 0 DIMENSION 91 1 6 TYPE 16>
<BLOCK LOCATION 92 3 1 DIMENSION 92 4 4 TYPE 18>
<ZONE LOCATION 88 8 0 DIMENSIONS 8 8 24 COLOURSCHEME 7>
<BLOCK LOCATION 88 8 0 DIMENSION 95 15 0 NORTH 0 SOUTH 0 EAST 0 WEST 0 SPLIT 0 HOLLOW 0>
<BLOCK LOCATION 92 8 0 DIMENSION 95 15 15 NORTH 0 SOUTH 0 EAST 0 WEST 0 SPLIT 0 HOLLOW 0>
<BLOCK LOCATION 92 8 0 DIMENSION 92 15 16 NORTH 0 SOUTH 0 EAST 0 WEST 0 SPLIT 0 HOLLOW 0>
<BLOCK LOCATION 90 9 0 DIMENSION 90 12 0 NORTH 0 SOUTH 1 EAST 1 WEST 0 SPLIT 0 HOLLOW 0>
<BLOCK LOCATION 90 13 0 DIMENSION 90 15 0 TYPE 15>
<ZONE LOCATION 80 8 0 DIMENSIONS 8 8 8 COLOURSCHEME 8>
<BLOCK LOCATION 80 8 0 DIMENSION 87 15 0 NORTH 0 SOUTH 0 EAST 0 WEST 0 SPLIT 0 HOLLOW 0>
<BLOCK LOCATION 84 9 0 DIMENSION 84 15 0 NORTH 1 SOUTH 0 EAST 0 WEST 1 SPLIT 0 HOLLOW 0>
<BLOCK LOCATION 82 11 0 DIMENSION 86 13 2 NORTH 1 SOUTH 0 EAST 0 WEST 1 SPLIT 0 HOLLOW 0>
<BLOCK LOCATION 83 12 0 DIMENSION 85 12 3 TYPE 19>
<ZONE LOCATION 0 32 0 DIMENSIONS 8 8 8 COLOURSCHEME 1>
<BLOCK LOCATION 3 32 0 DIMENSION 3 39 0 NORTH 0 SOUTH 1 EAST 0 WEST 1 SPLIT 1 HOLLOW 0>
<BLOCK LOCATION 4 32 0 DIMENSION 4 39 0 NORTH 1 SOUTH 0 EAST 1 WEST 0 SPLIT 1 HOLLOW 0>
<ZONE LOCATION 0 -40 0 DIMENSIONS 8 8 8 COLOURSCHEME 9>
<BLOCK LOCATION 2 -34 0 DIMENSION 2 -33 0 NORTH 0 SOUTH 0 EAST 0 WEST 0 SPLIT 0 HOLLOW 0>
<BLOCK LOCATION 0 -35 0 DIMENSION 7 -35 0 NORTH 0 SOUTH 1 EAST 1 WEST 0 SPLIT 0 HOLLOW 0>
<BLOCK LOCATION 0 -36 0 DIMENSION 7 -36 0 NORTH 1 SOUTH 0 EAST 0 WEST 1 SPLIT 0 HOLLOW 0>
<BLOCK LOCATION 0 -40 0 DIMENSION 7 -37 0 TYPE 17>
<BLOCK LOCATION 3 -37 0 DIMENSION 6 -37 0 NORTH 0 SOUTH 0 EAST 0 WEST 0 SPLIT 0 HOLLOW 0>
<BLOCK LOCATION 4 -40 0 DIMENSION 5 -38 0 NORTH 0 SOUTH 0 EAST 0 WEST 0 SPLIT 0 HOLLOW 0>
<BLOCK LOCATION 1 -39 0 DIMENSION 1 -39 1 NORTH 2 SOUTH 0 EAST 0 WEST 1 SPLIT 0 HOLLOW 0>
<BLOCK LOCATION 7 -39 0 DIMENSION 7 -39 1 NORTH 1 SOUTH 0 EAST 2 WEST 0 SPLIT 1 HOLLOW 0>
<ZONE LOCATION 8 -40 0 DIMENSIONS 8 8 8 COLOURSCHEME 9>
<BLOCK LOCATION 8 -36 0 DIMENSION 15 -36 0 NORTH 1 SOUTH 0 EAST 0 WEST 1 SPLIT 1 HOLLOW 0>
<BLOCK LOCATION 8 -35 0 DIMENSION 15 -35 0 NORTH 0 SOUTH 1 EAST 1 WEST 0 SPLIT 1 HOLLOW 0>
<BLOCK LOCATION 8 -40 0 DIMENSION 15 -37 0 TYPE 17>
<BLOCK LOCATION 14 -37 0 DIMENSION 14 -37 0 NORTH 0 SOUTH 1 EAST 1 WEST 0 SPLIT 0 HOLLOW 0>
<BLOCK LOCATION 14 -40 0 DIMENSION 14 -39 0 NORTH 0 SOUTH 1 EAST 1 WEST 0 SPLIT 0 HOLLOW 0>
<BLOCK LOCATION 14 -38 0 DIMENSION 14 -38 0 NORTH 1 SOUTH 0 EAST 0 WEST 1 SPLIT 0 HOLLOW 0>
<BLOCK LOCATION 11 -39 0 DIMENSION 11 -39 2 NORTH 2 SOUTH 0 EAST 1 WEST 0 SPLIT 0 HOLLOW 0>
<ZONE LOCATION 0 -48 0 DIMENSIONS 8 8 8 COLOURSCHEME 9>
<BLOCK LOCATION 4 -42 0 DIMENSION 5 -41 0 NORTH 0 SOUTH 0 EAST 0 WEST 0 SPLIT 1 HOLLOW 0>
<BLOCK LOCATION 5 -43 0 DIMENSION 5 -43 0 NORTH 0 SOUTH 0 EAST 0 WEST 0 SPLIT 1 HOLLOW 0>
<BLOCK LOCATION 4 -44 0 DIMENSION 4 -44 0 NORTH 0 SOUTH 0 EAST 0 WEST 0 SPLIT 1 HOLLOW 0>
<BLOCK LOCATION 2 -45 0 DIMENSION 3 -45 0 NORTH 0 SOUTH 0 EAST 0 WEST 0 SPLIT 1 HOLLOW 0>
<BLOCK LOCATION 1 -44 0 DIMENSION 1 -44 0 NORTH 0 SOUTH 0 EAST 0 WEST 0 SPLIT 1 HOLLOW 0>
<BLOCK LOCATION 0 -45 0 DIMENSION 0 -45 0 NORTH 0 SOUTH 0 EAST 0 WEST 0 SPLIT 1 HOLLOW 0>
<BLOCK LOCATION 6 -44 0 DIMENSION 6 -44 0 NORTH 0 SOUTH 0 EAST 0 WEST 0 SPLIT 1 HOLLOW 0>
<BLOCK LOCATION 6 -45 0 DIMENSION 7 -45 0 NORTH 0 SOUTH 0 EAST 0 WEST 0 SPLIT 1 HOLLOW 0>
<BLOCK LOCATION 5 -47 0 DIMENSION 5 -46 0 NORTH 0 SOUTH 0 EAST 0 WEST 0 SPLIT 1 HOLLOW 0>
<BLOCK LOCATION 4 -48 0 DIMENSION 4 -48 0 NORTH 0 SOUTH 0 EAST 0 WEST 0 SPLIT 1 HOLLOW 0>
<BLOCK LOCATION 0 -48 0 DIMENSION 7 -41 0 TYPE 17>
<BLOCK LOCATION 2 -42 0 DIMENSION 2 -42 1 NORTH 1 SOUTH 1 EAST 0 WEST 0 SPLIT 0 HOLLOW 0>
<BLOCK LOCATION 7 -47 0 DIMENSION 7 -47 1 NORTH 1 SOUTH 1 EAST 0 WEST 0 SPLIT 0 HOLLOW 0>
<BLOCK LOCATION 7 -42 0 DIMENSION 7 -42 3 NORTH 1 SOUTH 1 EAST 0 WEST 1 SPLIT 0 HOLLOW 0>
<ZONE LOCATION 8 -48 0 DIMENSIONS 8 8 8 COLOURSCHEME 9>
<BLOCK LOCATION 8 -45 0 DIMENSION 10 -45 0 NORTH 0 SOUTH 0 EAST 0 WEST 0 SPLIT 0 HOLLOW 0>
<BLOCK LOCATION 11 -45 0 DIMENSION 11 -45 0 NORTH 1 SOUTH 0 EAST 0 WEST 0 SPLIT 1 HOLLOW 0>
<BLOCK LOCATION 12 -44 0 DIMENSION 12 -44 0 NORTH 1 SOUTH 1 EAST 0 WEST 0 SPLIT 1 HOLLOW 0>
<BLOCK LOCATION 13 -43 0 DIMENSION 13 -43 0 NORTH 0 SOUTH 1 EAST 0 WEST 0 SPLIT 1 HOLLOW 0>
<BLOCK LOCATION 12 -43 0 DIMENSION 12 -43 0 NORTH 0 SOUTH 0 EAST 1 WEST 0 SPLIT 0 HOLLOW 0>
<BLOCK LOCATION 11 -44 0 DIMENSION 11 -44 0 NORTH 0 SOUTH 0 EAST 1 WEST 0 SPLIT 0 HOLLOW 0>
<BLOCK LOCATION 12 -45 0 DIMENSION 12 -45 0 NORTH 0 SOUTH 0 EAST 0 WEST 1 SPLIT 0 HOLLOW 0>
<BLOCK LOCATION 13 -44 0 DIMENSION 13 -44 0 NORTH 0 SOUTH 0 EAST 0 WEST 1 SPLIT 0 HOLLOW 0>
<BLOCK LOCATION 14 -43 0 DIMENSION 14 -43 0 TYPE 16>
<BLOCK LOCATION 8 -48 0 DIMENSION 15 -41 0 TYPE 17>
<BLOCK LOCATION 10 -42 0 DIMENSION 10 -42 3 NORTH 0 SOUTH 1 EAST 0 WEST 0 SPLIT 0 HOLLOW 0>
<BLOCK LOCATION 15 -47 0 DIMENSION 15 -47 2 NORTH 1 SOUTH 0 EAST 0 WEST 0 SPLIT 0 HOLLOW 0>
<BLOCK LOCATION 14 -47 0 DIMENSION 14 -46 1 NORTH 0 SOUTH 1 EAST 1 WEST 0 SPLIT 0 HOLLOW 0>
<BLOCK LOCATION 15 -43 0 DIMENSION 15 -43 0 NORTH 0 SOUTH 0 EAST 0 WEST 0 SPLIT 0 HOLLOW 0>
<ZONE LOCATION 16 -40 0 DIMENSIONS 8 8 8 COLOURSCHEME 9>
<BLOCK LOCATION 16 -36 0 DIMENSION 19 -36 0 NORTH 1 SOUTH 0 EAST 0 WEST 1 SPLIT 0 HOLLOW 0>
<BLOCK LOCATION 20 -40 0 DIMENSION 20 -37 0 NORTH 1 SOUTH 0 EAST 1 WEST 0 SPLIT 0 HOLLOW 0>
<BLOCK LOCATION 20 -36 0 DIMENSION 20 -36 0 NORTH 1 SOUTH 0 EAST 1 WEST 1 SPLIT 0 HOLLOW 0>
<BLOCK LOCATION 16 -35 0 DIMENSION 20 -35 0 NORTH 0 SOUTH 1 EAST 1 WEST 0 SPLIT 0 HOLLOW 0>
<BLOCK LOCATION 21 -35 0 DIMENSION 21 -35 0 NORTH 0 SOUTH 1 EAST 0 WEST 0 SPLIT 0 HOLLOW 0>
<BLOCK LOCATION 21 -40 0 DIMENSION 21 -36 0 NORTH 0 SOUTH 1 EAST 0 WEST 1 SPLIT 0 HOLLOW 0>
<BLOCK LOCATION 16 -40 0 DIMENSION 19 -37 0 TYPE 17>
<BLOCK LOCATION 19 -37 0 DIMENSION 19 -37 0 NORTH 0 SOUTH 0 EAST 0 WEST 0 SPLIT 0 HOLLOW 0>
<BLOCK LOCATION 18 -38 0 DIMENSION 18 -38 0 NORTH 0 SOUTH 0 EAST 0 WEST 0 SPLIT 0 HOLLOW 0>
<BLOCK LOCATION 17 -39 0 DIMENSION 17 -39 0 NORTH 0 SOUTH 0 EAST 0 WEST 0 SPLIT 0 HOLLOW 0>
<BLOCK LOCATION 18 -40 0 DIMENSION 18 -40 1 NORTH 2 SOUTH 0 EAST 0 WEST 1 SPLIT 0 HOLLOW 0>
<JEWEL LOCATION 17 -39 0>
<ZONE LOCATION 16 -48 0 DIMENSIONS 8 8 8 COLOURSCHEME 9>
<BLOCK LOCATION 20 -48 0 DIMENSION 20 -41 0 NORTH 1 SOUTH 0 EAST 1 WEST 0 SPLIT 0 HOLLOW 0>
<BLOCK LOCATION 21 -48 0 DIMENSION 21 -41 0 NORTH 0 SOUTH 1 EAST 0 WEST 1 SPLIT 0 HOLLOW 0>
<BLOCK LOCATION 16 -48 0 DIMENSION 19 -41 0 TYPE 17>
<BLOCK LOCATION 21 -46 0 DIMENSION 23 -43 1 NORTH 0 SOUTH 0 EAST 0 WEST 0 SPLIT 1 HOLLOW 0>
<BLOCK LOCATION 20 -45 0 DIMENSION 23 -44 1 TYPE 19>
<BLOCK LOCATION 20 -45 0 DIMENSION 23 -44 0 TYPE 17>
<BLOCK LOCATION 16 -43 0 DIMENSION 17 -43 0 NORTH 0 SOUTH 0 EAST 0 WEST 0 SPLIT 0 HOLLOW 0>
<JEWEL LOCATION 17 -43 0>
<ZONE LOCATION -8 -48 0 DIMENSIONS 8 8 8 COLOURSCHEME 9>
<BLOCK LOCATION -5 -48 0 DIMENSION -5 -41 0 NORTH 0 SOUTH 1 EAST 0 WEST 1 SPLIT 0 HOLLOW 0>
<BLOCK LOCATION -4 -48 0 DIMENSION -1 -41 0 TYPE 17>
<BLOCK LOCATION -6 -48 0 DIMENSION -6 -41 0 NORTH 1 SOUTH 0 EAST 1 WEST 0 SPLIT 0 HOLLOW 0>
<BLOCK LOCATION -2 -45 0 DIMENSION -1 -45 0 NORTH 0 SOUTH 0 EAST 0 WEST 0 SPLIT 0 HOLLOW 0>
<BLOCK LOCATION -3 -45 0 DIMENSION -3 -45 0 NORTH 0 SOUTH 1 EAST 0 WEST 1 SPLIT 0 HOLLOW 0>
<BLOCK LOCATION -2 -42 0 DIMENSION -2 -42 3 NORTH 2 SOUTH 1 EAST 0 WEST 1 SPLIT 0 HOLLOW 0>
<ZONE LOCATION -8 -40 0 DIMENSIONS 8 8 8 COLOURSCHEME 9>
<BLOCK LOCATION -5 -40 0 DIMENSION -5 -38 0 NORTH 0 SOUTH 1 EAST 0 WEST 1 SPLIT 0 HOLLOW 0>
<BLOCK LOCATION -5 -37 0 DIMENSION -5 -37 0 NORTH 1 SOUTH 1 EAST 0 WEST 2 SPLIT 0 HOLLOW 0>
<BLOCK LOCATION -5 -36 0 DIMENSION -5 -36 1 NORTH 2 SOUTH 1 EAST 0 WEST 2 SPLIT 0 HOLLOW 0>
<BLOCK LOCATION -4 -36 0 DIMENSION -4 -36 1 NORTH 2 SOUTH 0 EAST 1 WEST 2 SPLIT 0 HOLLOW 0>
<BLOCK LOCATION -3 -36 0 DIMENSION -3 -36 0 NORTH 1 SOUTH 0 EAST 0 WEST 2 SPLIT 0 HOLLOW 0>
<BLOCK LOCATION -2 -36 0 DIMENSION -1 -36 0 NORTH 1 SOUTH 0 EAST 0 WEST 1 SPLIT 0 HOLLOW 0>
<BLOCK LOCATION -2 -35 0 DIMENSION -1 -35 0 NORTH 0 SOUTH 1 EAST 1 WEST 0 SPLIT 0 HOLLOW 0>
<BLOCK LOCATION -3 -35 0 DIMENSION -3 -35 0 NORTH 0 SOUTH 1 EAST 1 WEST 0 SPLIT 0 HOLLOW 0>
<BLOCK LOCATION -5 -35 0 DIMENSION -4 -35 2 NORTH 0 SOUTH 1 EAST 1 WEST 0 SPLIT 0 HOLLOW 0>
<BLOCK LOCATION -6 -35 0 DIMENSION -6 -35 1 NORTH 1 SOUTH 1 EAST 2 WEST 0 SPLIT 0 HOLLOW 0>
<BLOCK LOCATION -6 -37 0 DIMENSION -6 -36 0 NORTH 2 SOUTH 0 EAST 1 WEST 1 SPLIT 0 HOLLOW 0>
<BLOCK LOCATION -6 -40 0 DIMENSION -6 -38 0 NORTH 1 SOUTH 0 EAST 1 WEST 0 SPLIT 0 HOLLOW 0>
<BLOCK LOCATION -4 -40 0 DIMENSION -1 -37 0 TYPE 17>
<BLOCK LOCATION -4 -37 0 DIMENSION -4 -37 0 NORTH 1 SOUTH 0 EAST 0 WEST 1 SPLIT 0 HOLLOW 0>
<BLOCK LOCATION -2 -38 0 DIMENSION -2 -38 2 NORTH 0 SOUTH 2 EAST 0 WEST 1 SPLIT 0 HOLLOW 0>
<ZONE LOCATION 0 -56 0 DIMENSIONS 8 8 8 COLOURSCHEME 9>
<BLOCK LOCATION 6 -53 0 DIMENSION 7 -53 0 NORTH 1 SOUTH 0 EAST 0 WEST 1 SPLIT 0 HOLLOW 0>
<BLOCK LOCATION 5 -53 0 DIMENSION 5 -53 0 NORTH 1 SOUTH 1 EAST 0 WEST 1 SPLIT 1 HOLLOW 0>
<BLOCK LOCATION 5 -56 0 DIMENSION 5 -54 0 NORTH 0 SOUTH 1 EAST 0 WEST 1 SPLIT 1 HOLLOW 0>
<BLOCK LOCATION 5 -52 0 DIMENSION 7 -52 0 NORTH 0 SOUTH 1 EAST 1 WEST 0 SPLIT 1 HOLLOW 0>
<BLOCK LOCATION 4 -52 0 DIMENSION 4 -52 0 NORTH 0 SOUTH 0 EAST 1 WEST 0 SPLIT 1 HOLLOW 0>
<BLOCK LOCATION 4 -56 0 DIMENSION 4 -53 0 NORTH 1 SOUTH 0 EAST 1 WEST 0 SPLIT 1 HOLLOW 0>
<BLOCK LOCATION 0 -51 0 DIMENSION 7 -49 0 TYPE 17>
<BLOCK LOCATION 0 -56 0 DIMENSION 3 -52 0 TYPE 17>
<BLOCK LOCATION 3 -49 0 DIMENSION 4 -49 0 NORTH 0 SOUTH 0 EAST 0 WEST 0 SPLIT 1 HOLLOW 0>
<BLOCK LOCATION 2 -50 0 DIMENSION 3 -50 0 NORTH 0 SOUTH 0 EAST 0 WEST 0 SPLIT 1 HOLLOW 0>
<BLOCK LOCATION 1 -51 0 DIMENSION 2 -51 0 NORTH 0 SOUTH 0 EAST 0 WEST 0 SPLIT 1 HOLLOW 0>
<BLOCK LOCATION 1 -52 0 DIMENSION 1 -52 0 NORTH 0 SOUTH 1 EAST 1 WEST 0 SPLIT 1 HOLLOW 0>
<BLOCK LOCATION 1 -54 0 DIMENSION 1 -54 0 NORTH 1 SOUTH 0 EAST 0 WEST 1 SPLIT 1 HOLLOW 0>
<BLOCK LOCATION 1 -55 0 DIMENSION 1 -55 0 NORTH 0 SOUTH 0 EAST 0 WEST 0 SPLIT 1 HOLLOW 0>
<BLOCK LOCATION 6 -50 0 DIMENSION 6 -50 2 NORTH 1 SOUTH 0 EAST 1 WEST 1 SPLIT 1 HOLLOW 0>
<JEWEL LOCATION 1 -55 0>
<ZONE LOCATION -8 -56 0 DIMENSIONS 8 8 8 COLOURSCHEME 9>
<BLOCK LOCATION -5 -50 0 DIMENSION -5 -49 0 NORTH 0 SOUTH 1 EAST 0 WEST 1 SPLIT 1 HOLLOW 0>
<BLOCK LOCATION -5 -51 0 DIMENSION -5 -51 0 NORTH 0 SOUTH 1 EAST 1 WEST 1 SPLIT 1 HOLLOW 0>
<BLOCK LOCATION -5 -52 0 DIMENSION -5 -52 1 NORTH 0 SOUTH 1 EAST 1 WEST 0 SPLIT 1 HOLLOW 0>
<BLOCK LOCATION -4 -52 0 DIMENSION -4 -52 2 NORTH 1 SOUTH 0 EAST 0 WEST 0 SPLIT 1 HOLLOW 0>
<BLOCK LOCATION -4 -51 0 DIMENSION -4 -51 0 NORTH 0 SOUTH 2 EAST 2 WEST 0 SPLIT 1 HOLLOW 0>
<BLOCK LOCATION -4 -53 0 DIMENSION -4 -53 1 NORTH 0 SOUTH 2 EAST 0 WEST 2 SPLIT 1 HOLLOW 0>
<BLOCK LOCATION -3 -53 0 DIMENSION -3 -53 1 NORTH 1 SOUTH 0 EAST 0 WEST 0 SPLIT 1 HOLLOW 0>
<BLOCK LOCATION -3 -52 0 DIMENSION -3 -52 4 NORTH 1 SOUTH 0 EAST 1 WEST 1 SPLIT 1 HOLLOW 0>
<BLOCK LOCATION -2 -53 0 DIMENSION -2 -53 1 NORTH 0 SOUTH 0 EAST 0 WEST 1 SPLIT 0 HOLLOW 0>
<BLOCK LOCATION -2 -54 0 DIMENSION -2 -54 0 NORTH 0 SOUTH 1 EAST 0 WEST 1 SPLIT 0 HOLLOW 0>
<BLOCK LOCATION -3 -54 0 DIMENSION -3 -54 1 NORTH 0 SOUTH 2 EAST 0 WEST 2 SPLIT 0 HOLLOW 0>
<BLOCK LOCATION -4 -54 0 DIMENSION -4 -54 3 NORTH 0 SOUTH 0 EAST 0 WEST 1 SPLIT 0 HOLLOW 0>
<BLOCK LOCATION -5 -53 0 DIMENSION -5 -53 1 NORTH 0 SOUTH 1 EAST 0 WEST 1 SPLIT 0 HOLLOW 0>
<BLOCK LOCATION -6 -51 0 DIMENSION -6 -49 0 NORTH 1 SOUTH 0 EAST 1 WEST 0 SPLIT 0 HOLLOW 0>
<BLOCK LOCATION -6 -52 0 DIMENSION -6 -52 0 NORTH 1 SOUTH 0 EAST 2 WEST 0 SPLIT 1 HOLLOW 0>
<BLOCK LOCATION -6 -53 0 DIMENSION -6 -53 0 NORTH 2 SOUTH 0 EAST 2 WEST 0 SPLIT 1 HOLLOW 0>
<BLOCK LOCATION -6 -54 0 DIMENSION -6 -54 0 NORTH 2 SOUTH 0 EAST 1 WEST 0 SPLIT 1 HOLLOW 0>
<BLOCK LOCATION -6 -56 0 DIMENSION -6 -55 0 NORTH 1 SOUTH 0 EAST 1 WEST 0 SPLIT 1 HOLLOW 0>
<BLOCK LOCATION -5 -56 0 DIMENSION -5 -55 0 NORTH 0 SOUTH 1 EAST 0 WEST 1 SPLIT 1 HOLLOW 0>
<BLOCK LOCATION -5 -54 0 DIMENSION -5 -54 3 NORTH 1 SOUTH 1 EAST 0 WEST 1 SPLIT 1 HOLLOW 0>
<BLOCK LOCATION -4 -55 0 DIMENSION -4 -55 0 NORTH 1 SOUTH 0 EAST 0 WEST 1 SPLIT 1 HOLLOW 0>
<BLOCK LOCATION -3 -55 0 DIMENSION -3 -55 0 NORTH 0 SOUTH 0 EAST 0 WEST 1 SPLIT 0 HOLLOW 0>
<BLOCK LOCATION -3 -50 0 DIMENSION -3 -50 5 NORTH 1 SOUTH 0 EAST 2 WEST 1 SPLIT 0 HOLLOW 0>
<BLOCK LOCATION -3 -51 4 DIMENSION -3 -51 5 NORTH 1 SOUTH 0 EAST 0 WEST 0 SPLIT 0 HOLLOW 0>
<BLOCK LOCATION -4 -56 0 DIMENSION -1 -49 0 TYPE 17>
<ZONE LOCATION 0 -64 0 DIMENSIONS 8 8 8 COLOURSCHEME 9>
<BLOCK LOCATION 4 -61 0 DIMENSION 4 -57 0 NORTH 1 SOUTH 0 EAST 1 WEST 0 SPLIT 0 HOLLOW 0>
<BLOCK LOCATION 4 -62 0 DIMENSION 4 -62 0 NORTH 1 SOUTH 1 EAST 1 WEST 0 SPLIT 1 HOLLOW 0>
<BLOCK LOCATION 5 -63 0 DIMENSION 5 -63 0 NORTH 0 SOUTH 0 EAST 0 WEST 1 SPLIT 1 HOLLOW 0>
<BLOCK LOCATION 5 -62 0 DIMENSION 5 -57 0 NORTH 0 SOUTH 1 EAST 0 WEST 1 SPLIT 1 HOLLOW 0>
<BLOCK LOCATION 0 -63 0 DIMENSION 4 -63 0 NORTH 1 SOUTH 0 EAST 0 WEST 1 SPLIT 1 HOLLOW 0>
<BLOCK LOCATION 0 -62 0 DIMENSION 3 -62 0 NORTH 0 SOUTH 1 EAST 1 WEST 0 SPLIT 1 HOLLOW 0>
<BLOCK LOCATION 0 -61 0 DIMENSION 3 -57 0 TYPE 17>
<BLOCK LOCATION 1 -61 0 DIMENSION 1 -61 0 NORTH 1 SOUTH 0 EAST 0 WEST 1 SPLIT 1 HOLLOW 0>
<BLOCK LOCATION 1 -60 0 DIMENSION 1 -60 1 NORTH 2 SOUTH 0 EAST 0 WEST 2 SPLIT 1 HOLLOW 0>
<BLOCK LOCATION 1 -58 0 DIMENSION 1 -58 3 NORTH 2 SOUTH 0 EAST 0 WEST 1 SPLIT 1 HOLLOW 0>
<BLOCK LOCATION 2 -58 0 DIMENSION 2 -58 1 NORTH 1 SOUTH 0 EAST 1 WEST 0 SPLIT 1 HOLLOW 0>
<JEWEL LOCATION 1 -58 3>
<ZONE LOCATION -8 -64 0 DIMENSIONS 8 8 8 COLOURSCHEME 9>
<BLOCK LOCATION -5 -63 0 DIMENSION -1 -63 0 NORTH 1 SOUTH 0 EAST 0 WEST 1 SPLIT 1 HOLLOW 0>
<BLOCK LOCATION -6 -63 0 DIMENSION -6 -63 0 NORTH 1 SOUTH 0 EAST 0 WEST 0 SPLIT 0 HOLLOW 0>
<BLOCK LOCATION -6 -62 0 DIMENSION -6 -57 0 NORTH 1 SOUTH 0 EAST 1 WEST 0 SPLIT 0 HOLLOW 0>
<BLOCK LOCATION -5 -61 0 DIMENSION -5 -57 0 NORTH 0 SOUTH 1 EAST 0 WEST 1 SPLIT 0 HOLLOW 0>
<BLOCK LOCATION -5 -62 0 DIMENSION -5 -62 0 NORTH 0 SOUTH 1 EAST 1 WEST 1 SPLIT 0 HOLLOW 0>
<BLOCK LOCATION -4 -62 0 DIMENSION -1 -62 0 NORTH 0 SOUTH 1 EAST 1 WEST 0 SPLIT 0 HOLLOW 0>
<BLOCK LOCATION -4 -61 0 DIMENSION -1 -57 0 TYPE 17>
<BLOCK LOCATION -2 -59 0 DIMENSION -2 -59 2 NORTH 2 SOUTH 0 EAST 0 WEST 1 SPLIT 0 HOLLOW 0>
<BLOCK LOCATION -4 -58 0 DIMENSION -4 -58 3 NORTH 0 SOUTH 1 EAST 0 WEST 0 SPLIT 0 HOLLOW 0>
<ZONE LOCATION 16 -56 -4 DIMENSIONS 8 8 12 COLOURSCHEME 9>
<BLOCK LOCATION 20 -51 0 DIMENSION 20 -49 0 NORTH 1 SOUTH 0 EAST 1 WEST 0 SPLIT 0 HOLLOW 0>
<BLOCK LOCATION 20 -52 0 DIMENSION 20 -52 0 NORTH 1 SOUTH 1 EAST 1 WEST 0 SPLIT 1 HOLLOW 0>
<BLOCK LOCATION 16 -52 0 DIMENSION 19 -52 0 NORTH 0 SOUTH 1 EAST 1 WEST 0 SPLIT 1 HOLLOW 0>
<BLOCK LOCATION 16 -49 -3 DIMENSION 18 -49 -3 NORTH 1 SOUTH 0 EAST 1 WEST 0 SPLIT 0 HOLLOW 1>
<BLOCK LOCATION 19 -49 0 DIMENSION 19 -49 0 TYPE 13>
<BLOCK LOCATION 16 -51 0 DIMENSION 19 -49 0 TYPE 17>
<BLOCK LOCATION 16 -53 0 DIMENSION 20 -53 0 NORTH 1 SOUTH 0 EAST 0 WEST 1 SPLIT 0 HOLLOW 0>
<BLOCK LOCATION 21 -52 0 DIMENSION 21 -49 0 NORTH 0 SOUTH 1 EAST 0 WEST 1 SPLIT 0 HOLLOW 0>
<BLOCK LOCATION 21 -53 0 DIMENSION 21 -53 0 NORTH 0 SOUTH 0 EAST 0 WEST 1 SPLIT 1 HOLLOW 0>
<ZONE LOCATION 8 -56 -4 DIMENSIONS 8 8 12 COLOURSCHEME 9>
<BLOCK LOCATION 13 -49 -3 DIMENSION 15 -49 -3 NORTH 0 SOUTH 0 EAST 0 WEST 0 SPLIT 0 HOLLOW 0>
<BLOCK LOCATION 9 -49 -3 DIMENSION 12 -49 -3 NORTH 0 SOUTH 1 EAST 0 WEST 1 SPLIT 0 HOLLOW 1>
<BLOCK LOCATION 8 -49 0 DIMENSION 8 -49 1 NORTH 0 SOUTH 0 EAST 0 WEST 0 SPLIT 0 HOLLOW 0>
<BLOCK LOCATION 8 -50 0 DIMENSION 8 -50 1 NORTH 0 SOUTH 1 EAST 1 WEST 0 SPLIT 0 HOLLOW 0>
<BLOCK LOCATION 8 -52 0 DIMENSION 15 -52 0 NORTH 0 SOUTH 1 EAST 1 WEST 0 SPLIT 0 HOLLOW 0>
<BLOCK LOCATION 8 -53 0 DIMENSION 15 -53 0 NORTH 1 SOUTH 0 EAST 0 WEST 1 SPLIT 0 HOLLOW 0>
<BLOCK LOCATION 8 -51 0 DIMENSION 15 -49 0 TYPE 17>
<BLOCK LOCATION 14 -50 0 DIMENSION 14 -50 1 NORTH 0 SOUTH 0 EAST 0 WEST 0 SPLIT 0 HOLLOW 0>
<BLOCK LOCATION 14 -51 0 DIMENSION 14 -51 1 NORTH 0 SOUTH 1 EAST 1 WEST 0 SPLIT 0 HOLLOW 0>
<ZONE LOCATION 24 -46 0 DIMENSIONS 16 4 16 COLOURSCHEME 9>
<BLOCK LOCATION 24 -46 0 DIMENSION 31 -43 1 NORTH 0 SOUTH 0 EAST 0 WEST 0 SPLIT 0 HOLLOW 0>
<BLOCK LOCATION 32 -46 0 DIMENSION 38 -43 8 NORTH 0 SOUTH 0 EAST 0 WEST 0 SPLIT 0 HOLLOW 0>
<BLOCK LOCATION 39 -46 0 DIMENSION 39 -43 15 NORTH 0 SOUTH 0 EAST 0 WEST 0 SPLIT 0 HOLLOW 0>
<BLOCK LOCATION 24 -45 0 DIMENSION 39 -44 15 TYPE 19>
<BLOCK LOCATION 24 -45 0 DIMENSION 31 -44 0 TYPE 17>
<BLOCK LOCATION 33 -45 7 DIMENSION 38 -44 7 TYPE 17>
<BLOCK LOCATION 39 -45 8 DIMENSION 39 -44 14 TYPE 18>
<BLOCK LOCATION 32 -45 1 DIMENSION 32 -44 7 TYPE 18>
<BLOCK LOCATION 30 -46 0 DIMENSION 30 -46 1 NORTH 1 SOUTH 0 EAST 1 WEST 0 SPLIT 0 HOLLOW 0>
<BLOCK LOCATION 31 -46 0 DIMENSION 31 -46 2 NORTH 2 SOUTH 0 EAST 2 WEST 0 SPLIT 0 HOLLOW 0>
<BLOCK LOCATION 30 -43 0 DIMENSION 30 -43 1 NORTH 1 SOUTH 0 EAST 1 WEST 0 SPLIT 0 HOLLOW 0>
<BLOCK LOCATION 31 -43 0 DIMENSION 31 -43 2 NORTH 2 SOUTH 0 EAST 2 WEST 0 SPLIT 0 HOLLOW 0>
<JEWEL LOCATION 29 -43 1>
<JEWEL LOCATION 29 -46 1>
<ZONE LOCATION 72 -8 0 DIMENSIONS 8 8 8 COLOURSCHEME 7>
<BLOCK LOCATION 72 -8 0 DIMENSION 79 -1 1 NORTH 0 SOUTH 0 EAST 0 WEST 0 SPLIT 0 HOLLOW 0>
<BLOCK LOCATION 73 -8 1 DIMENSION 79 -1 1 TYPE 19>
<BLOCK LOCATION 79 -3 0 DIMENSION 79 -3 5 NORTH 0 SOUTH 1 EAST 0 WEST 0 SPLIT 0 HOLLOW 0>
<BLOCK LOCATION 79 -6 0 DIMENSION 79 -4 5 NORTH 0 SOUTH 1 EAST 0 WEST 1 SPLIT 0 HOLLOW 0>
<BLOCK LOCATION 79 -7 0 DIMENSION 79 -7 5 NORTH 0 SOUTH 0 EAST 0 WEST 1 SPLIT 1 HOLLOW 0>
<BLOCK LOCATION 76 -7 0 DIMENSION 78 -7 5 NORTH 1 SOUTH 0 EAST 0 WEST 1 SPLIT 1 HOLLOW 0>
<BLOCK LOCATION 75 -7 0 DIMENSION 75 -7 5 NORTH 1 SOUTH 0 EAST 0 WEST 0 SPLIT 0 HOLLOW 0>
<BLOCK LOCATION 75 -6 0 DIMENSION 75 -4 5 NORTH 1 SOUTH 0 EAST 1 WEST 0 SPLIT 0 HOLLOW 0>
<BLOCK LOCATION 75 -3 0 DIMENSION 75 -3 5 NORTH 0 SOUTH 0 EAST 1 WEST 0 SPLIT 1 HOLLOW 0>
<BLOCK LOCATION 76 -3 0 DIMENSION 78 -3 5 NORTH 0 SOUTH 1 EAST 1 WEST 0 SPLIT 1 HOLLOW 0>
<BLOCK LOCATION 76 -6 6 DIMENSION 78 -4 6 NORTH 0 SOUTH 0 EAST 0 WEST 0 SPLIT 1 HOLLOW 0>
<BLOCK LOCATION 77 -5 0 DIMENSION 77 -5 6 NORTH 0 SOUTH 0 EAST 0 WEST 0 SPLIT 1 HOLLOW 0>
<BLOCK LOCATION 78 -4 6 DIMENSION 78 -4 6 TYPE 15>
<BLOCK LOCATION 76 -6 6 DIMENSION 76 -6 6 TYPE 14>
<BLOCK LOCATION 78 -6 6 DIMENSION 78 -6 6 TYPE 13>
<BLOCK LOCATION 76 -4 6 DIMENSION 76 -4 6 TYPE 12>
<BLOCK LOCATION 77 -5 6 DIMENSION 77 -5 6 TYPE 8>
<BLOCK LOCATION 75 -4 1 DIMENSION 75 -4 3 TYPE 19>
<BLOCK LOCATION 78 -7 1 DIMENSION 78 -7 3 TYPE 19>
<ZONE LOCATION 80 -8 0 DIMENSIONS 8 8 16 COLOURSCHEME 7>
<BLOCK LOCATION 80 -8 0 DIMENSION 87 -1 0 NORTH 0 SOUTH 0 EAST 0 WEST 0 SPLIT 0 HOLLOW 0>
<BLOCK LOCATION 85 -4 0 DIMENSION 85 -4 15 NORTH 0 SOUTH 0 EAST 0 WEST 0 SPLIT 0 HOLLOW 0>
<BLOCK LOCATION 85 -8 15 DIMENSION 85 -5 15 NORTH 0 SOUTH 0 EAST 0 WEST 0 SPLIT 0 HOLLOW 0>
<BLOCK LOCATION 84 -6 0 DIMENSION 84 -5 0 TYPE 14>
<BLOCK LOCATION 84 -3 0 DIMENSION 84 -2 0 TYPE 15>
<BLOCK LOCATION 82 -4 0 DIMENSION 83 -4 0 TYPE 12>
<BLOCK LOCATION 84 -4 0 DIMENSION 84 -4 0 TYPE 7>
<ZONE LOCATION 80 -16 8 DIMENSIONS 8 8 8 COLOURSCHEME 0>
<ZONE LOCATION 0 40 0 DIMENSIONS 8 8 8 COLOURSCHEME 5>
<BLOCK LOCATION 0 40 0 DIMENSION 7 47 1 NORTH 0 SOUTH 0 EAST 0 WEST 0 SPLIT 0 HOLLOW 0>
<BLOCK LOCATION 1 41 1 DIMENSION 7 47 1 TYPE 19>
<BLOCK LOCATION 3 40 1 DIMENSION 4 40 1 TYPE 19>
<BLOCK LOCATION 4 40 0 DIMENSION 4 40 0 NORTH 1 SOUTH 0 EAST 1 WEST 0 SPLIT 0 HOLLOW 0>
<BLOCK LOCATION 3 40 0 DIMENSION 3 40 0 NORTH 0 SOUTH 1 EAST 0 WEST 1 SPLIT 0 HOLLOW 0>
<BLOCK LOCATION 4 45 0 DIMENSION 7 46 0 NORTH 1 SOUTH 0 EAST 0 WEST 1 SPLIT 0 HOLLOW 0>
<BLOCK LOCATION 4 47 0 DIMENSION 7 47 2 NORTH 2 SOUTH 0 EAST 0 WEST 2 SPLIT 0 HOLLOW 0>
<BLOCK LOCATION 3 45 0 DIMENSION 3 46 1 NORTH 1 SOUTH 0 EAST 0 WEST 1 SPLIT 0 HOLLOW 0>
<BLOCK LOCATION 3 47 0 DIMENSION 3 47 3 NORTH 2 SOUTH 0 EAST 0 WEST 2 SPLIT 0 HOLLOW 0>
<ZONE LOCATION 8 40 0 DIMENSIONS 8 8 8 COLOURSCHEME 5>
<BLOCK LOCATION 8 40 0 DIMENSION 15 47 1 NORTH 0 SOUTH 0 EAST 0 WEST 0 SPLIT 0 HOLLOW 0>
<BLOCK LOCATION 8 41 1 DIMENSION 14 47 1 TYPE 19>
<BLOCK LOCATION 8 45 0 DIMENSION 11 46 0 NORTH 1 SOUTH 0 EAST 0 WEST 1 SPLIT 0 HOLLOW 0>
<BLOCK LOCATION 12 45 0 DIMENSION 12 46 1 NORTH 1 SOUTH 0 EAST 0 WEST 1 SPLIT 0 HOLLOW 0>
<BLOCK LOCATION 12 47 0 DIMENSION 12 47 3 NORTH 2 SOUTH 0 EAST 0 WEST 2 SPLIT 0 HOLLOW 0>
<BLOCK LOCATION 8 47 0 DIMENSION 11 47 2 NORTH 2 SOUTH 0 EAST 0 WEST 2 SPLIT 0 HOLLOW 0>
<ZONE LOCATION 16 24 0 DIMENSIONS 8 8 8 COLOURSCHEME 1>
<BLOCK LOCATION 16 27 0 DIMENSION 23 27 0 NORTH 0 SOUTH 1 EAST 1 WEST 0 SPLIT 0 HOLLOW 0>
<BLOCK LOCATION 16 28 0 DIMENSION 23 28 0 NORTH 1 SOUTH 0 EAST 0 WEST 1 SPLIT 0 HOLLOW 0>
<ZONE LOCATION 72 16 0 DIMENSIONS 8 8 8 COLOURSCHEME 8>
<BLOCK LOCATION 72 16 0 DIMENSION 79 20 0 NORTH 0 SOUTH 0 EAST 0 WEST 0 SPLIT 1 HOLLOW 0>
<BLOCK LOCATION 74 21 0 DIMENSION 79 22 0 NORTH 0 SOUTH 0 EAST 0 WEST 0 SPLIT 1 HOLLOW 0>
<BLOCK LOCATION 75 23 0 DIMENSION 79 23 1 NORTH 0 SOUTH 0 EAST 0 WEST 0 SPLIT 1 HOLLOW 0>
<BLOCK LOCATION 74 22 0 DIMENSION 74 22 1 NORTH 0 SOUTH 0 EAST 0 WEST 0 SPLIT 1 HOLLOW 0>
<BLOCK LOCATION 73 21 0 DIMENSION 73 21 1 NORTH 0 SOUTH 0 EAST 0 WEST 0 SPLIT 1 HOLLOW 0>
<BLOCK LOCATION 72 16 0 DIMENSION 72 20 1 NORTH 0 SOUTH 0 EAST 0 WEST 0 SPLIT 1 HOLLOW 0>
<ZONE LOCATION 72 -16 0 DIMENSIONS 8 8 8 COLOURSCHEME 7>
<BLOCK LOCATION 72 -13 0 DIMENSION 79 -9 0 NORTH 0 SOUTH 0 EAST 0 WEST 0 SPLIT 1 HOLLOW 0>
<BLOCK LOCATION 74 -15 0 DIMENSION 79 -14 0 NORTH 0 SOUTH 0 EAST 0 WEST 0 SPLIT 1 HOLLOW 0>
<BLOCK LOCATION 75 -16 0 DIMENSION 79 -16 1 NORTH 0 SOUTH 0 EAST 0 WEST 0 SPLIT 1 HOLLOW 0>
<BLOCK LOCATION 74 -15 0 DIMENSION 74 -15 1 NORTH 0 SOUTH 0 EAST 0 WEST 0 SPLIT 1 HOLLOW 0>
<BLOCK LOCATION 73 -14 0 DIMENSION 73 -14 1 NORTH 0 SOUTH 0 EAST 0 WEST 0 SPLIT 1 HOLLOW 0>
<BLOCK LOCATION 72 -13 0 DIMENSION 72 -9 1 NORTH 0 SOUTH 0 EAST 0 WEST 0 SPLIT 1 HOLLOW 0>
<ZONE LOCATION 80 -16 0 DIMENSIONS 8 8 8 COLOURSCHEME 7>
<BLOCK LOCATION 80 -15 0 DIMENSION 87 -9 0 NORTH 0 SOUTH 0 EAST 0 WEST 0 SPLIT 1 HOLLOW 0>
<BLOCK LOCATION 80 -16 0 DIMENSION 87 -16 1 NORTH 0 SOUTH 0 EAST 0 WEST 0 SPLIT 1 HOLLOW 0>
<BLOCK LOCATION 85 -12 0 DIMENSION 85 -12 7 NORTH 0 SOUTH 0 EAST 0 WEST 0 SPLIT 1 HOLLOW 0>
<ZONE LOCATION 0 48 0 DIMENSIONS 8 8 24 COLOURSCHEME 5>
<BLOCK LOCATION 0 48 0 DIMENSION 7 55 1 NORTH 0 SOUTH 0 EAST 0 WEST 0 SPLIT 0 HOLLOW 0>
<BLOCK LOCATION 1 48 1 DIMENSION 7 54 1 TYPE 19>
<BLOCK LOCATION 3 48 4 DIMENSION 3 55 5 NORTH 2 SOUTH 0 EAST 0 WEST 2 SPLIT 0 HOLLOW 1>
<BLOCK LOCATION 4 48 4 DIMENSION 7 55 4 NORTH 2 SOUTH 0 EAST 0 WEST 2 SPLIT 0 HOLLOW 1>
<BLOCK LOCATION 3 55 0 DIMENSION 3 55 19 NORTH 2 SOUTH 0 EAST 0 WEST 2 SPLIT 0 HOLLOW 0>
<BLOCK LOCATION 5 48 0 DIMENSION 5 49 0 TYPE 19>
<BLOCK LOCATION 6 49 0 DIMENSION 6 49 0 TYPE 19>
<BLOCK LOCATION 5 48 0 DIMENSION 6 49 0 TYPE 17>
<ZONE LOCATION 8 48 0 DIMENSIONS 8 8 24 COLOURSCHEME 5>
<BLOCK LOCATION 8 48 0 DIMENSION 15 55 1 NORTH 0 SOUTH 0 EAST 0 WEST 0 SPLIT 0 HOLLOW 0>
<BLOCK LOCATION 8 48 1 DIMENSION 14 54 1 TYPE 19>
<BLOCK LOCATION 12 48 4 DIMENSION 12 55 5 NORTH 2 SOUTH 0 EAST 0 WEST 2 SPLIT 0 HOLLOW 1>
<BLOCK LOCATION 8 48 4 DIMENSION 11 55 4 NORTH 2 SOUTH 0 EAST 0 WEST 2 SPLIT 0 HOLLOW 1>
<BLOCK LOCATION 12 55 0 DIMENSION 12 55 19 NORTH 2 SOUTH 0 EAST 0 WEST 2 SPLIT 0 HOLLOW 0>
<BLOCK LOCATION 8 49 0 DIMENSION 10 49 0 TYPE 19>
<BLOCK LOCATION 10 48 0 DIMENSION 10 48 0 TYPE 19>
<BLOCK LOCATION 9 48 0 DIMENSION 9 48 0 TYPE 10>
<BLOCK LOCATION 8 48 0 DIMENSION 10 49 0 TYPE 17>
<ZONE LOCATION 8 56 16 DIMENSIONS 8 8 24 COLOURSCHEME 0>
<ZONE LOCATION 0 56 16 DIMENSIONS 8 8 24 COLOURSCHEME 0>
<ZONE LOCATION 24 22 0 DIMENSIONS 13 13 8 COLOURSCHEME 8>
<BLOCK LOCATION 24 24 0 DIMENSION 36 32 0 NORTH 0 SOUTH 0 EAST 0 WEST 0 SPLIT 0 HOLLOW 0>
<BLOCK LOCATION 25 23 0 DIMENSION 35 33 0 NORTH 0 SOUTH 0 EAST 0 WEST 0 SPLIT 0 HOLLOW 0>
<BLOCK LOCATION 26 22 0 DIMENSION 34 34 0 NORTH 0 SOUTH 0 EAST 0 WEST 0 SPLIT 0 HOLLOW 0>
<BLOCK LOCATION 26 24 0 DIMENSION 34 32 1 NORTH 0 SOUTH 0 EAST 0 WEST 0 SPLIT 0 HOLLOW 0>
<BLOCK LOCATION 26 25 1 DIMENSION 31 25 1 TYPE 19>
<BLOCK LOCATION 31 26 1 DIMENSION 31 29 1 TYPE 19>
<BLOCK LOCATION 27 29 1 DIMENSION 30 29 1 TYPE 19>
<BLOCK LOCATION 27 27 1 DIMENSION 27 31 1 TYPE 19>
<BLOCK LOCATION 28 31 1 DIMENSION 29 31 1 TYPE 19>
<BLOCK LOCATION 28 27 1 DIMENSION 29 27 1 TYPE 19>
<BLOCK LOCATION 32 26 1 DIMENSION 33 26 1 TYPE 19>
<BLOCK LOCATION 33 25 1 DIMENSION 33 31 1 TYPE 19>
<BLOCK LOCATION 31 31 1 DIMENSION 32 31 1 TYPE 19>
<BLOCK LOCATION 36 29 0 DIMENSION 36 29 0 TYPE 12>
<BLOCK LOCATION 36 27 0 DIMENSION 36 27 0 TYPE 12>
<BLOCK LOCATION 31 34 0 DIMENSION 31 34 0 TYPE 14>
<BLOCK LOCATION 29 34 0 DIMENSION 29 34 0 TYPE 14>
<JEWEL LOCATION 29 31 0>
<JEWEL LOCATION 31 31 0>
<JEWEL LOCATION 29 27 0>
<CRAFT TYPE 3 LOCATION 33 28 0>
<ZONE LOCATION 37 22 0 DIMENSIONS 13 13 8 COLOURSCHEME 7>
<BLOCK LOCATION 37 24 0 DIMENSION 49 32 0 NORTH 0 SOUTH 0 EAST 0 WEST 0 SPLIT 0 HOLLOW 0>
<BLOCK LOCATION 39 22 0 DIMENSION 47 34 0 NORTH 0 SOUTH 0 EAST 0 WEST 0 SPLIT 0 HOLLOW 0>
<BLOCK LOCATION 38 23 0 DIMENSION 48 33 0 NORTH 0 SOUTH 0 EAST 0 WEST 0 SPLIT 0 HOLLOW 0>
<BLOCK LOCATION 39 24 0 DIMENSION 47 32 1 NORTH 0 SOUTH 0 EAST 0 WEST 0 SPLIT 0 HOLLOW 0>
<BLOCK LOCATION 46 25 1 DIMENSION 46 31 1 TYPE 19>
<BLOCK LOCATION 40 25 1 DIMENSION 44 31 1 TYPE 19>
<BLOCK LOCATION 39 28 1 DIMENSION 39 28 1 TYPE 19>
<BLOCK LOCATION 41 26 0 DIMENSION 44 30 1 NORTH 0 SOUTH 0 EAST 0 WEST 0 SPLIT 0 HOLLOW 0>
<BLOCK LOCATION 42 27 0 DIMENSION 42 27 1 NORTH 1 SOUTH 0 EAST 0 WEST 0 SPLIT 0 HOLLOW 0>
<BLOCK LOCATION 44 29 0 DIMENSION 44 29 1 NORTH 0 SOUTH 1 EAST 0 WEST 0 SPLIT 0 HOLLOW 0>
<BLOCK LOCATION 44 27 0 DIMENSION 44 27 1 NORTH 0 SOUTH 0 EAST 0 WEST 1 SPLIT 1 HOLLOW 0>
<BLOCK LOCATION 42 29 0 DIMENSION 42 29 1 NORTH 0 SOUTH 0 EAST 1 WEST 0 SPLIT 1 HOLLOW 0>
<BLOCK LOCATION 43 28 0 DIMENSION 43 28 2 TYPE 16>
<BLOCK LOCATION 46 31 0 DIMENSION 46 31 0 TYPE 0>
<BLOCK LOCATION 46 25 0 DIMENSION 46 25 0 TYPE 3>
<BLOCK LOCATION 48 31 0 DIMENSION 48 31 0 TYPE 7>
<BLOCK LOCATION 48 25 0 DIMENSION 48 25 0 TYPE 7>
<BLOCK LOCATION 48 28 0 DIMENSION 48 28 0 TYPE 11>
<BLOCK LOCATION 49 29 0 DIMENSION 49 29 0 TYPE 12>
<BLOCK LOCATION 49 27 0 DIMENSION 49 27 0 TYPE 12>
<BLOCK LOCATION 44 34 0 DIMENSION 44 34 0 TYPE 14>
<BLOCK LOCATION 42 34 0 DIMENSION 42 34 0 TYPE 14>
<BLOCK LOCATION 37 29 0 DIMENSION 37 29 0 TYPE 13>
<BLOCK LOCATION 37 27 0 DIMENSION 37 27 0 TYPE 13>
<BLOCK LOCATION 46 28 0 DIMENSION 46 28 1 NORTH 0 SOUTH 0 EAST 0 WEST 0 SPLIT 0 HOLLOW 0>
<BLOCK LOCATION 43 31 0 DIMENSION 43 31 1 NORTH 0 SOUTH 0 EAST 0 WEST 0 SPLIT 0 HOLLOW 0>
<BLOCK LOCATION 43 25 0 DIMENSION 43 25 1 NORTH 0 SOUTH 0 EAST 0 WEST 0 SPLIT 0 HOLLOW 0>
<JEWEL LOCATION 44 25 0>
<JEWEL LOCATION 44 31 0>
<CRAFT TYPE 3 LOCATION 46 28 0>
<ZONE LOCATION 24 35 0 DIMENSIONS 13 13 8 COLOURSCHEME 7>
<BLOCK LOCATION 24 37 0 DIMENSION 36 45 0 NORTH 0 SOUTH 0 EAST 0 WEST 0 SPLIT 0 HOLLOW 0>
<BLOCK LOCATION 25 36 0 DIMENSION 35 46 0 NORTH 0 SOUTH 0 EAST 0 WEST 0 SPLIT 0 HOLLOW 0>
<BLOCK LOCATION 26 35 0 DIMENSION 34 47 0 NORTH 0 SOUTH 0 EAST 0 WEST 0 SPLIT 0 HOLLOW 0>
<BLOCK LOCATION 26 37 0 DIMENSION 34 45 1 NORTH 0 SOUTH 0 EAST 0 WEST 0 SPLIT 0 HOLLOW 0>
<BLOCK LOCATION 27 38 1 DIMENSION 33 44 1 TYPE 19>
<BLOCK LOCATION 26 44 1 DIMENSION 26 44 1 TYPE 19>
<BLOCK LOCATION 33 45 1 DIMENSION 33 45 1 TYPE 19>
<BLOCK LOCATION 34 38 1 DIMENSION 34 38 1 TYPE 19>
<BLOCK LOCATION 27 37 1 DIMENSION 27 37 1 TYPE 19>
<BLOCK LOCATION 27 38 0 DIMENSION 33 44 0 TYPE 1>
<BLOCK LOCATION 27 39 0 DIMENSION 33 43 0 NORTH 0 SOUTH 0 EAST 0 WEST 0 SPLIT 0 HOLLOW 0>
<BLOCK LOCATION 28 38 0 DIMENSION 32 44 0 NORTH 0 SOUTH 0 EAST 0 WEST 0 SPLIT 0 HOLLOW 0>
<BLOCK LOCATION 27 37 0 DIMENSION 27 37 0 TYPE 4>
<BLOCK LOCATION 33 45 0 DIMENSION 33 45 0 TYPE 7>
<BLOCK LOCATION 34 38 0 DIMENSION 34 38 0 TYPE 8>
<BLOCK LOCATION 26 44 0 DIMENSION 26 44 0 TYPE 10>
<BLOCK LOCATION 30 41 0 DIMENSION 30 41 3 TYPE 16>
<BLOCK LOCATION 36 42 0 DIMENSION 36 42 0 TYPE 12>
<BLOCK LOCATION 36 40 0 DIMENSION 36 40 0 TYPE 12>
<BLOCK LOCATION 31 35 0 DIMENSION 31 35 0 TYPE 15>
<BLOCK LOCATION 29 35 0 DIMENSION 29 35 0 TYPE 15>
<JEWEL LOCATION 31 42 0>
<JEWEL LOCATION 29 42 0>
<JEWEL LOCATION 29 40 0>
<JEWEL LOCATION 31 40 0>
<CRAFT TYPE 3 LOCATION 28 42 0>
<ZONE LOCATION 37 35 0 DIMENSIONS 13 13 8 COLOURSCHEME 8>
<BLOCK LOCATION 37 37 0 DIMENSION 49 45 0 NORTH 0 SOUTH 0 EAST 0 WEST 0 SPLIT 0 HOLLOW 0>
<BLOCK LOCATION 38 36 0 DIMENSION 48 46 0 NORTH 0 SOUTH 0 EAST 0 WEST 0 SPLIT 0 HOLLOW 0>
<BLOCK LOCATION 39 35 0 DIMENSION 47 47 0 NORTH 0 SOUTH 0 EAST 0 WEST 0 SPLIT 0 HOLLOW 0>
<BLOCK LOCATION 39 37 0 DIMENSION 47 45 1 NORTH 0 SOUTH 0 EAST 0 WEST 0 SPLIT 0 HOLLOW 0>
<BLOCK LOCATION 40 37 1 DIMENSION 40 37 1 TYPE 19>
<BLOCK LOCATION 40 38 1 DIMENSION 46 44 1 TYPE 19>
<BLOCK LOCATION 46 45 1 DIMENSION 46 45 1 TYPE 19>
<BLOCK LOCATION 45 43 0 DIMENSION 45 44 1 NORTH 0 SOUTH 0 EAST 0 WEST 0 SPLIT 0 HOLLOW 0>
<BLOCK LOCATION 45 38 0 DIMENSION 45 41 1 NORTH 0 SOUTH 0 EAST 0 WEST 0 SPLIT 0 HOLLOW 0>
<BLOCK LOCATION 41 38 0 DIMENSION 41 39 1 NORTH 0 SOUTH 0 EAST 0 WEST 0 SPLIT 0 HOLLOW 0>
<BLOCK LOCATION 41 41 0 DIMENSION 41 44 1 NORTH 0 SOUTH 0 EAST 0 WEST 0 SPLIT 0 HOLLOW 0>
<BLOCK LOCATION 43 42 0 DIMENSION 43 44 1 NORTH 0 SOUTH 0 EAST 0 WEST 0 SPLIT 0 HOLLOW 0>
<BLOCK LOCATION 43 38 0 DIMENSION 43 40 1 NORTH 0 SOUTH 0 EAST 0 WEST 0 SPLIT 0 HOLLOW 0>
<BLOCK LOCATION 40 37 0 DIMENSION 40 37 0 TYPE 14>
<BLOCK LOCATION 46 45 0 DIMENSION 46 45 0 TYPE 15>
<BLOCK LOCATION 37 42 0 DIMENSION 37 42 0 TYPE 13>
<BLOCK LOCATION 37 40 0 DIMENSION 37 40 0 TYPE 13>
<BLOCK LOCATION 42 35 0 DIMENSION 42 35 0 TYPE 15>
<BLOCK LOCATION 44 35 0 DIMENSION 44 35 0 TYPE 15>
<BLOCK LOCATION 49 40 0 DIMENSION 49 40 0 TYPE 12>
<BLOCK LOCATION 49 42 0 DIMENSION 49 42 0 TYPE 12>
<BLOCK LOCATION 44 47 0 DIMENSION 44 47 0 TYPE 14>
<BLOCK LOCATION 42 47 0 DIMENSION 42 47 0 TYPE 14>
<JEWEL LOCATION 40 45 0>
<JEWEL LOCATION 40 44 0>
<JEWEL LOCATION 42 44 0>
<JEWEL LOCATION 44 44 0>
<JEWEL LOCATION 42 38 0>
<JEWEL LOCATION 44 38 0>
<JEWEL LOCATION 46 38 0>
<CRAFT TYPE 3 LOCATION 43 41 0>
